INFO - 2025-08-23 14:56:09 --> Session: Class initialized using 'CodeIgniter\Session\Handlers\FileHandler' driver.
INFO - 2025-08-23 14:56:10 --> Session: Class initialized using 'CodeIgniter\Session\Handlers\FileHandler' driver.
INFO - 2025-08-23 14:56:17 --> Session: Class initialized using 'CodeIgniter\Session\Handlers\FileHandler' driver.
INFO - 2025-08-23 14:56:17 --> Session: Class initialized using 'CodeIgniter\Session\Handlers\FileHandler' driver.
ERROR - 2025-08-23 14:56:17 --> mysqli_sql_exception: Table 'helpdesk.activity_logs' doesn't exist in C:\xampp\htdocs\helpdesk\system\Database\MySQLi\Connection.php:312
Stack trace:
#0 C:\xampp\htdocs\helpdesk\system\Database\MySQLi\Connection.php(312): mysqli->query('INSERT INTO `ac...', 0)
#1 C:\xampp\htdocs\helpdesk\system\Database\BaseConnection.php(734): CodeIgniter\Database\MySQLi\Connection->execute('INSERT INTO `ac...')
#2 C:\xampp\htdocs\helpdesk\system\Database\BaseConnection.php(648): CodeIgniter\Database\BaseConnection->simpleQuery('INSERT INTO `ac...')
#3 C:\xampp\htdocs\helpdesk\system\Database\BaseBuilder.php(2340): CodeIgniter\Database\BaseConnection->query('INSERT INTO `ac...', Array, false)
#4 C:\xampp\htdocs\helpdesk\app\Helpers\logActivity_helper.php(22): CodeIgniter\Database\BaseBuilder->insert(Array)
#5 C:\xampp\htdocs\helpdesk\app\Controllers\BaseController.php(98): logActivity('NAVIGATE', 'Accessed page: ...', 'http://localhos...')
#6 C:\xampp\htdocs\helpdesk\app\Controllers\BaseController.php(19): App\Controllers\BaseController->autoLogActivity()
#7 C:\xampp\htdocs\helpdesk\system\CodeIgniter.php(904): App\Controllers\BaseController->initController(Object(CodeIgniter\HTTP\IncomingRequest), Object(CodeIgniter\HTTP\Response), Object(CodeIgniter\Log\Logger))
#8 C:\xampp\htdocs\helpdesk\system\CodeIgniter.php(500): CodeIgniter\CodeIgniter->createController()
#9 C:\xampp\htdocs\helpdesk\system\CodeIgniter.php(355): CodeIgniter\CodeIgniter->handleRequest(NULL, Object(Config\Cache), false)
#10 C:\xampp\htdocs\helpdesk\system\Boot.php(325): CodeIgniter\CodeIgniter->run()
#11 C:\xampp\htdocs\helpdesk\system\Boot.php(67): CodeIgniter\Boot::runCodeIgniter(Object(CodeIgniter\CodeIgniter))
#12 C:\xampp\htdocs\helpdesk\public\index.php(56): CodeIgniter\Boot::bootWeb(Object(Config\Paths))
#13 C:\xampp\htdocs\helpdesk\system\rewrite.php(44): require_once('C:\\xampp\\htdocs...')
#14 {main}
CRITICAL - 2025-08-23 14:56:17 --> CodeIgniter\Database\Exceptions\DatabaseException: Table 'helpdesk.activity_logs' doesn't exist
[Method: GET, Route: DOCUMENTATION%20IT/dashboard/home]
in SYSTEMPATH\Database\BaseConnection.php on line 688.
 1 SYSTEMPATH\Database\BaseBuilder.php(2340): CodeIgniter\Database\BaseConnection->query('INSERT INTO `activity_logs` (`user_id`, `role`, `action`, `details`, `url_accessed`, `created_at`) VALUES (:user_id:, :role:, :action:, :details:, :url_accessed:, :created_at:)', [...], false)
 2 APPPATH\Helpers\logActivity_helper.php(22): CodeIgniter\Database\BaseBuilder->insert([...])
 3 APPPATH\Controllers\BaseController.php(98): logActivity('NAVIGATE', 'Accessed page: http://localhost:8080/DOCUMENTATION%20IT/dashboard/home', 'http://localhost:8080/DOCUMENTATION%20IT/dashboard/home')
 4 APPPATH\Controllers\BaseController.php(19): App\Controllers\BaseController->autoLogActivity()
 5 SYSTEMPATH\CodeIgniter.php(904): App\Controllers\BaseController->initController(Object(CodeIgniter\HTTP\IncomingRequest), Object(CodeIgniter\HTTP\Response), Object(CodeIgniter\Log\Logger))
 6 SYSTEMPATH\CodeIgniter.php(500): CodeIgniter\CodeIgniter->createController()
 7 SYSTEMPATH\CodeIgniter.php(355): CodeIgniter\CodeIgniter->handleRequest(null, Object(Config\Cache), false)
 8 SYSTEMPATH\Boot.php(325): CodeIgniter\CodeIgniter->run()
 9 SYSTEMPATH\Boot.php(67): CodeIgniter\Boot::runCodeIgniter(Object(CodeIgniter\CodeIgniter))
10 FCPATH\index.php(56): CodeIgniter\Boot::bootWeb(Object(Config\Paths))
11 SYSTEMPATH\rewrite.php(44): require_once('C:\\xampp\\htdocs\\helpdesk\\public\\index.php')
CRITICAL - 2025-08-23 14:56:17 --> [Caused by] CodeIgniter\Database\Exceptions\DatabaseException: Table 'helpdesk.activity_logs' doesn't exist
in SYSTEMPATH\Database\MySQLi\Connection.php on line 317.
 1 SYSTEMPATH\Database\BaseConnection.php(734): CodeIgniter\Database\MySQLi\Connection->execute('INSERT INTO `activity_logs` (`user_id`, `role`, `action`, `details`, `url_accessed`, `created_at`) VALUES (\'1\', \'ADMIN\', \'NAVIGATE\', \'Accessed page: http://localhost:8080/DOCUMENTATION%20IT/dashboard/home\', \'http://localhost:8080/DOCUMENTATION%20IT/dashboard/home\', \'2025-08-23 21:56:17\')')
 2 SYSTEMPATH\Database\BaseConnection.php(648): CodeIgniter\Database\BaseConnection->simpleQuery('INSERT INTO `activity_logs` (`user_id`, `role`, `action`, `details`, `url_accessed`, `created_at`) VALUES (\'1\', \'ADMIN\', \'NAVIGATE\', \'Accessed page: http://localhost:8080/DOCUMENTATION%20IT/dashboard/home\', \'http://localhost:8080/DOCUMENTATION%20IT/dashboard/home\', \'2025-08-23 21:56:17\')')
 3 SYSTEMPATH\Database\BaseBuilder.php(2340): CodeIgniter\Database\BaseConnection->query('INSERT INTO `activity_logs` (`user_id`, `role`, `action`, `details`, `url_accessed`, `created_at`) VALUES (:user_id:, :role:, :action:, :details:, :url_accessed:, :created_at:)', [...], false)
 4 APPPATH\Helpers\logActivity_helper.php(22): CodeIgniter\Database\BaseBuilder->insert([...])
 5 APPPATH\Controllers\BaseController.php(98): logActivity('NAVIGATE', 'Accessed page: http://localhost:8080/DOCUMENTATION%20IT/dashboard/home', 'http://localhost:8080/DOCUMENTATION%20IT/dashboard/home')
 6 APPPATH\Controllers\BaseController.php(19): App\Controllers\BaseController->autoLogActivity()
 7 SYSTEMPATH\CodeIgniter.php(904): App\Controllers\BaseController->initController(Object(CodeIgniter\HTTP\IncomingRequest), Object(CodeIgniter\HTTP\Response), Object(CodeIgniter\Log\Logger))
 8 SYSTEMPATH\CodeIgniter.php(500): CodeIgniter\CodeIgniter->createController()
 9 SYSTEMPATH\CodeIgniter.php(355): CodeIgniter\CodeIgniter->handleRequest(null, Object(Config\Cache), false)
10 SYSTEMPATH\Boot.php(325): CodeIgniter\CodeIgniter->run()
11 SYSTEMPATH\Boot.php(67): CodeIgniter\Boot::runCodeIgniter(Object(CodeIgniter\CodeIgniter))
12 FCPATH\index.php(56): CodeIgniter\Boot::bootWeb(Object(Config\Paths))
13 SYSTEMPATH\rewrite.php(44): require_once('C:\\xampp\\htdocs\\helpdesk\\public\\index.php')
CRITICAL - 2025-08-23 14:56:17 --> [Caused by] mysqli_sql_exception: Table 'helpdesk.activity_logs' doesn't exist
in SYSTEMPATH\Database\MySQLi\Connection.php on line 312.
 1 SYSTEMPATH\Database\MySQLi\Connection.php(312): mysqli->query('INSERT INTO `activity_logs` (`user_id`, `role`, `action`, `details`, `url_accessed`, `created_at`) VALUES (\'1\', \'ADMIN\', \'NAVIGATE\', \'Accessed page: http://localhost:8080/DOCUMENTATION%20IT/dashboard/home\', \'http://localhost:8080/DOCUMENTATION%20IT/dashboard/home\', \'2025-08-23 21:56:17\')', 0)
 2 SYSTEMPATH\Database\BaseConnection.php(734): CodeIgniter\Database\MySQLi\Connection->execute('INSERT INTO `activity_logs` (`user_id`, `role`, `action`, `details`, `url_accessed`, `created_at`) VALUES (\'1\', \'ADMIN\', \'NAVIGATE\', \'Accessed page: http://localhost:8080/DOCUMENTATION%20IT/dashboard/home\', \'http://localhost:8080/DOCUMENTATION%20IT/dashboard/home\', \'2025-08-23 21:56:17\')')
 3 SYSTEMPATH\Database\BaseConnection.php(648): CodeIgniter\Database\BaseConnection->simpleQuery('INSERT INTO `activity_logs` (`user_id`, `role`, `action`, `details`, `url_accessed`, `created_at`) VALUES (\'1\', \'ADMIN\', \'NAVIGATE\', \'Accessed page: http://localhost:8080/DOCUMENTATION%20IT/dashboard/home\', \'http://localhost:8080/DOCUMENTATION%20IT/dashboard/home\', \'2025-08-23 21:56:17\')')
 4 SYSTEMPATH\Database\BaseBuilder.php(2340): CodeIgniter\Database\BaseConnection->query('INSERT INTO `activity_logs` (`user_id`, `role`, `action`, `details`, `url_accessed`, `created_at`) VALUES (:user_id:, :role:, :action:, :details:, :url_accessed:, :created_at:)', [...], false)
 5 APPPATH\Helpers\logActivity_helper.php(22): CodeIgniter\Database\BaseBuilder->insert([...])
 6 APPPATH\Controllers\BaseController.php(98): logActivity('NAVIGATE', 'Accessed page: http://localhost:8080/DOCUMENTATION%20IT/dashboard/home', 'http://localhost:8080/DOCUMENTATION%20IT/dashboard/home')
 7 APPPATH\Controllers\BaseController.php(19): App\Controllers\BaseController->autoLogActivity()
 8 SYSTEMPATH\CodeIgniter.php(904): App\Controllers\BaseController->initController(Object(CodeIgniter\HTTP\IncomingRequest), Object(CodeIgniter\HTTP\Response), Object(CodeIgniter\Log\Logger))
 9 SYSTEMPATH\CodeIgniter.php(500): CodeIgniter\CodeIgniter->createController()
10 SYSTEMPATH\CodeIgniter.php(355): CodeIgniter\CodeIgniter->handleRequest(null, Object(Config\Cache), false)
11 SYSTEMPATH\Boot.php(325): CodeIgniter\CodeIgniter->run()
12 SYSTEMPATH\Boot.php(67): CodeIgniter\Boot::runCodeIgniter(Object(CodeIgniter\CodeIgniter))
13 FCPATH\index.php(56): CodeIgniter\Boot::bootWeb(Object(Config\Paths))
14 SYSTEMPATH\rewrite.php(44): require_once('C:\\xampp\\htdocs\\helpdesk\\public\\index.php')
INFO - 2025-08-23 14:56:48 --> Session: Class initialized using 'CodeIgniter\Session\Handlers\FileHandler' driver.
ERROR - 2025-08-23 14:56:48 --> mysqli_sql_exception: Table 'helpdesk.activity_logs' doesn't exist in C:\xampp\htdocs\helpdesk\system\Database\MySQLi\Connection.php:312
Stack trace:
#0 C:\xampp\htdocs\helpdesk\system\Database\MySQLi\Connection.php(312): mysqli->query('INSERT INTO `ac...', 0)
#1 C:\xampp\htdocs\helpdesk\system\Database\BaseConnection.php(734): CodeIgniter\Database\MySQLi\Connection->execute('INSERT INTO `ac...')
#2 C:\xampp\htdocs\helpdesk\system\Database\BaseConnection.php(648): CodeIgniter\Database\BaseConnection->simpleQuery('INSERT INTO `ac...')
#3 C:\xampp\htdocs\helpdesk\system\Database\BaseBuilder.php(2340): CodeIgniter\Database\BaseConnection->query('INSERT INTO `ac...', Array, false)
#4 C:\xampp\htdocs\helpdesk\app\Helpers\logActivity_helper.php(22): CodeIgniter\Database\BaseBuilder->insert(Array)
#5 C:\xampp\htdocs\helpdesk\app\Controllers\BaseController.php(98): logActivity('NAVIGATE', 'Accessed page: ...', 'http://localhos...')
#6 C:\xampp\htdocs\helpdesk\app\Controllers\BaseController.php(19): App\Controllers\BaseController->autoLogActivity()
#7 C:\xampp\htdocs\helpdesk\system\CodeIgniter.php(904): App\Controllers\BaseController->initController(Object(CodeIgniter\HTTP\IncomingRequest), Object(CodeIgniter\HTTP\Response), Object(CodeIgniter\Log\Logger))
#8 C:\xampp\htdocs\helpdesk\system\CodeIgniter.php(500): CodeIgniter\CodeIgniter->createController()
#9 C:\xampp\htdocs\helpdesk\system\CodeIgniter.php(355): CodeIgniter\CodeIgniter->handleRequest(NULL, Object(Config\Cache), false)
#10 C:\xampp\htdocs\helpdesk\system\Boot.php(325): CodeIgniter\CodeIgniter->run()
#11 C:\xampp\htdocs\helpdesk\system\Boot.php(67): CodeIgniter\Boot::runCodeIgniter(Object(CodeIgniter\CodeIgniter))
#12 C:\xampp\htdocs\helpdesk\public\index.php(56): CodeIgniter\Boot::bootWeb(Object(Config\Paths))
#13 C:\xampp\htdocs\helpdesk\system\rewrite.php(44): require_once('C:\\xampp\\htdocs...')
#14 {main}
CRITICAL - 2025-08-23 14:56:48 --> CodeIgniter\Database\Exceptions\DatabaseException: Table 'helpdesk.activity_logs' doesn't exist
[Method: GET, Route: login]
in SYSTEMPATH\Database\BaseConnection.php on line 688.
 1 SYSTEMPATH\Database\BaseBuilder.php(2340): CodeIgniter\Database\BaseConnection->query('INSERT INTO `activity_logs` (`user_id`, `role`, `action`, `details`, `url_accessed`, `created_at`) VALUES (:user_id:, :role:, :action:, :details:, :url_accessed:, :created_at:)', [...], false)
 2 APPPATH\Helpers\logActivity_helper.php(22): CodeIgniter\Database\BaseBuilder->insert([...])
 3 APPPATH\Controllers\BaseController.php(98): logActivity('NAVIGATE', 'Accessed page: http://localhost:8080/login', 'http://localhost:8080/login')
 4 APPPATH\Controllers\BaseController.php(19): App\Controllers\BaseController->autoLogActivity()
 5 SYSTEMPATH\CodeIgniter.php(904): App\Controllers\BaseController->initController(Object(CodeIgniter\HTTP\IncomingRequest), Object(CodeIgniter\HTTP\Response), Object(CodeIgniter\Log\Logger))
 6 SYSTEMPATH\CodeIgniter.php(500): CodeIgniter\CodeIgniter->createController()
 7 SYSTEMPATH\CodeIgniter.php(355): CodeIgniter\CodeIgniter->handleRequest(null, Object(Config\Cache), false)
 8 SYSTEMPATH\Boot.php(325): CodeIgniter\CodeIgniter->run()
 9 SYSTEMPATH\Boot.php(67): CodeIgniter\Boot::runCodeIgniter(Object(CodeIgniter\CodeIgniter))
10 FCPATH\index.php(56): CodeIgniter\Boot::bootWeb(Object(Config\Paths))
11 SYSTEMPATH\rewrite.php(44): require_once('C:\\xampp\\htdocs\\helpdesk\\public\\index.php')
CRITICAL - 2025-08-23 14:56:48 --> [Caused by] CodeIgniter\Database\Exceptions\DatabaseException: Table 'helpdesk.activity_logs' doesn't exist
in SYSTEMPATH\Database\MySQLi\Connection.php on line 317.
 1 SYSTEMPATH\Database\BaseConnection.php(734): CodeIgniter\Database\MySQLi\Connection->execute('INSERT INTO `activity_logs` (`user_id`, `role`, `action`, `details`, `url_accessed`, `created_at`) VALUES (\'1\', \'ADMIN\', \'NAVIGATE\', \'Accessed page: http://localhost:8080/login\', \'http://localhost:8080/login\', \'2025-08-23 21:56:48\')')
 2 SYSTEMPATH\Database\BaseConnection.php(648): CodeIgniter\Database\BaseConnection->simpleQuery('INSERT INTO `activity_logs` (`user_id`, `role`, `action`, `details`, `url_accessed`, `created_at`) VALUES (\'1\', \'ADMIN\', \'NAVIGATE\', \'Accessed page: http://localhost:8080/login\', \'http://localhost:8080/login\', \'2025-08-23 21:56:48\')')
 3 SYSTEMPATH\Database\BaseBuilder.php(2340): CodeIgniter\Database\BaseConnection->query('INSERT INTO `activity_logs` (`user_id`, `role`, `action`, `details`, `url_accessed`, `created_at`) VALUES (:user_id:, :role:, :action:, :details:, :url_accessed:, :created_at:)', [...], false)
 4 APPPATH\Helpers\logActivity_helper.php(22): CodeIgniter\Database\BaseBuilder->insert([...])
 5 APPPATH\Controllers\BaseController.php(98): logActivity('NAVIGATE', 'Accessed page: http://localhost:8080/login', 'http://localhost:8080/login')
 6 APPPATH\Controllers\BaseController.php(19): App\Controllers\BaseController->autoLogActivity()
 7 SYSTEMPATH\CodeIgniter.php(904): App\Controllers\BaseController->initController(Object(CodeIgniter\HTTP\IncomingRequest), Object(CodeIgniter\HTTP\Response), Object(CodeIgniter\Log\Logger))
 8 SYSTEMPATH\CodeIgniter.php(500): CodeIgniter\CodeIgniter->createController()
 9 SYSTEMPATH\CodeIgniter.php(355): CodeIgniter\CodeIgniter->handleRequest(null, Object(Config\Cache), false)
10 SYSTEMPATH\Boot.php(325): CodeIgniter\CodeIgniter->run()
11 SYSTEMPATH\Boot.php(67): CodeIgniter\Boot::runCodeIgniter(Object(CodeIgniter\CodeIgniter))
12 FCPATH\index.php(56): CodeIgniter\Boot::bootWeb(Object(Config\Paths))
13 SYSTEMPATH\rewrite.php(44): require_once('C:\\xampp\\htdocs\\helpdesk\\public\\index.php')
CRITICAL - 2025-08-23 14:56:48 --> [Caused by] mysqli_sql_exception: Table 'helpdesk.activity_logs' doesn't exist
in SYSTEMPATH\Database\MySQLi\Connection.php on line 312.
 1 SYSTEMPATH\Database\MySQLi\Connection.php(312): mysqli->query('INSERT INTO `activity_logs` (`user_id`, `role`, `action`, `details`, `url_accessed`, `created_at`) VALUES (\'1\', \'ADMIN\', \'NAVIGATE\', \'Accessed page: http://localhost:8080/login\', \'http://localhost:8080/login\', \'2025-08-23 21:56:48\')', 0)
 2 SYSTEMPATH\Database\BaseConnection.php(734): CodeIgniter\Database\MySQLi\Connection->execute('INSERT INTO `activity_logs` (`user_id`, `role`, `action`, `details`, `url_accessed`, `created_at`) VALUES (\'1\', \'ADMIN\', \'NAVIGATE\', \'Accessed page: http://localhost:8080/login\', \'http://localhost:8080/login\', \'2025-08-23 21:56:48\')')
 3 SYSTEMPATH\Database\BaseConnection.php(648): CodeIgniter\Database\BaseConnection->simpleQuery('INSERT INTO `activity_logs` (`user_id`, `role`, `action`, `details`, `url_accessed`, `created_at`) VALUES (\'1\', \'ADMIN\', \'NAVIGATE\', \'Accessed page: http://localhost:8080/login\', \'http://localhost:8080/login\', \'2025-08-23 21:56:48\')')
 4 SYSTEMPATH\Database\BaseBuilder.php(2340): CodeIgniter\Database\BaseConnection->query('INSERT INTO `activity_logs` (`user_id`, `role`, `action`, `details`, `url_accessed`, `created_at`) VALUES (:user_id:, :role:, :action:, :details:, :url_accessed:, :created_at:)', [...], false)
 5 APPPATH\Helpers\logActivity_helper.php(22): CodeIgniter\Database\BaseBuilder->insert([...])
 6 APPPATH\Controllers\BaseController.php(98): logActivity('NAVIGATE', 'Accessed page: http://localhost:8080/login', 'http://localhost:8080/login')
 7 APPPATH\Controllers\BaseController.php(19): App\Controllers\BaseController->autoLogActivity()
 8 SYSTEMPATH\CodeIgniter.php(904): App\Controllers\BaseController->initController(Object(CodeIgniter\HTTP\IncomingRequest), Object(CodeIgniter\HTTP\Response), Object(CodeIgniter\Log\Logger))
 9 SYSTEMPATH\CodeIgniter.php(500): CodeIgniter\CodeIgniter->createController()
10 SYSTEMPATH\CodeIgniter.php(355): CodeIgniter\CodeIgniter->handleRequest(null, Object(Config\Cache), false)
11 SYSTEMPATH\Boot.php(325): CodeIgniter\CodeIgniter->run()
12 SYSTEMPATH\Boot.php(67): CodeIgniter\Boot::runCodeIgniter(Object(CodeIgniter\CodeIgniter))
13 FCPATH\index.php(56): CodeIgniter\Boot::bootWeb(Object(Config\Paths))
14 SYSTEMPATH\rewrite.php(44): require_once('C:\\xampp\\htdocs\\helpdesk\\public\\index.php')
INFO - 2025-08-23 14:56:53 --> Session: Class initialized using 'CodeIgniter\Session\Handlers\FileHandler' driver.
ERROR - 2025-08-23 14:56:53 --> mysqli_sql_exception: Table 'helpdesk.activity_logs' doesn't exist in C:\xampp\htdocs\helpdesk\system\Database\MySQLi\Connection.php:312
Stack trace:
#0 C:\xampp\htdocs\helpdesk\system\Database\MySQLi\Connection.php(312): mysqli->query('INSERT INTO `ac...', 0)
#1 C:\xampp\htdocs\helpdesk\system\Database\BaseConnection.php(734): CodeIgniter\Database\MySQLi\Connection->execute('INSERT INTO `ac...')
#2 C:\xampp\htdocs\helpdesk\system\Database\BaseConnection.php(648): CodeIgniter\Database\BaseConnection->simpleQuery('INSERT INTO `ac...')
#3 C:\xampp\htdocs\helpdesk\system\Database\BaseBuilder.php(2340): CodeIgniter\Database\BaseConnection->query('INSERT INTO `ac...', Array, false)
#4 C:\xampp\htdocs\helpdesk\app\Helpers\logActivity_helper.php(22): CodeIgniter\Database\BaseBuilder->insert(Array)
#5 C:\xampp\htdocs\helpdesk\app\Controllers\BaseController.php(98): logActivity('NAVIGATE', 'Accessed page: ...', 'http://localhos...')
#6 C:\xampp\htdocs\helpdesk\app\Controllers\BaseController.php(19): App\Controllers\BaseController->autoLogActivity()
#7 C:\xampp\htdocs\helpdesk\system\CodeIgniter.php(904): App\Controllers\BaseController->initController(Object(CodeIgniter\HTTP\IncomingRequest), Object(CodeIgniter\HTTP\Response), Object(CodeIgniter\Log\Logger))
#8 C:\xampp\htdocs\helpdesk\system\CodeIgniter.php(500): CodeIgniter\CodeIgniter->createController()
#9 C:\xampp\htdocs\helpdesk\system\CodeIgniter.php(355): CodeIgniter\CodeIgniter->handleRequest(NULL, Object(Config\Cache), false)
#10 C:\xampp\htdocs\helpdesk\system\Boot.php(325): CodeIgniter\CodeIgniter->run()
#11 C:\xampp\htdocs\helpdesk\system\Boot.php(67): CodeIgniter\Boot::runCodeIgniter(Object(CodeIgniter\CodeIgniter))
#12 C:\xampp\htdocs\helpdesk\public\index.php(56): CodeIgniter\Boot::bootWeb(Object(Config\Paths))
#13 C:\xampp\htdocs\helpdesk\system\rewrite.php(44): require_once('C:\\xampp\\htdocs...')
#14 {main}
CRITICAL - 2025-08-23 14:56:53 --> CodeIgniter\Database\Exceptions\DatabaseException: Table 'helpdesk.activity_logs' doesn't exist
[Method: GET, Route: /]
in SYSTEMPATH\Database\BaseConnection.php on line 688.
 1 SYSTEMPATH\Database\BaseBuilder.php(2340): CodeIgniter\Database\BaseConnection->query('INSERT INTO `activity_logs` (`user_id`, `role`, `action`, `details`, `url_accessed`, `created_at`) VALUES (:user_id:, :role:, :action:, :details:, :url_accessed:, :created_at:)', [...], false)
 2 APPPATH\Helpers\logActivity_helper.php(22): CodeIgniter\Database\BaseBuilder->insert([...])
 3 APPPATH\Controllers\BaseController.php(98): logActivity('NAVIGATE', 'Accessed page: http://localhost:8080/', 'http://localhost:8080/')
 4 APPPATH\Controllers\BaseController.php(19): App\Controllers\BaseController->autoLogActivity()
 5 SYSTEMPATH\CodeIgniter.php(904): App\Controllers\BaseController->initController(Object(CodeIgniter\HTTP\IncomingRequest), Object(CodeIgniter\HTTP\Response), Object(CodeIgniter\Log\Logger))
 6 SYSTEMPATH\CodeIgniter.php(500): CodeIgniter\CodeIgniter->createController()
 7 SYSTEMPATH\CodeIgniter.php(355): CodeIgniter\CodeIgniter->handleRequest(null, Object(Config\Cache), false)
 8 SYSTEMPATH\Boot.php(325): CodeIgniter\CodeIgniter->run()
 9 SYSTEMPATH\Boot.php(67): CodeIgniter\Boot::runCodeIgniter(Object(CodeIgniter\CodeIgniter))
10 FCPATH\index.php(56): CodeIgniter\Boot::bootWeb(Object(Config\Paths))
11 SYSTEMPATH\rewrite.php(44): require_once('C:\\xampp\\htdocs\\helpdesk\\public\\index.php')
CRITICAL - 2025-08-23 14:56:53 --> [Caused by] CodeIgniter\Database\Exceptions\DatabaseException: Table 'helpdesk.activity_logs' doesn't exist
in SYSTEMPATH\Database\MySQLi\Connection.php on line 317.
 1 SYSTEMPATH\Database\BaseConnection.php(734): CodeIgniter\Database\MySQLi\Connection->execute('INSERT INTO `activity_logs` (`user_id`, `role`, `action`, `details`, `url_accessed`, `created_at`) VALUES (\'1\', \'ADMIN\', \'NAVIGATE\', \'Accessed page: http://localhost:8080/\', \'http://localhost:8080/\', \'2025-08-23 21:56:53\')')
 2 SYSTEMPATH\Database\BaseConnection.php(648): CodeIgniter\Database\BaseConnection->simpleQuery('INSERT INTO `activity_logs` (`user_id`, `role`, `action`, `details`, `url_accessed`, `created_at`) VALUES (\'1\', \'ADMIN\', \'NAVIGATE\', \'Accessed page: http://localhost:8080/\', \'http://localhost:8080/\', \'2025-08-23 21:56:53\')')
 3 SYSTEMPATH\Database\BaseBuilder.php(2340): CodeIgniter\Database\BaseConnection->query('INSERT INTO `activity_logs` (`user_id`, `role`, `action`, `details`, `url_accessed`, `created_at`) VALUES (:user_id:, :role:, :action:, :details:, :url_accessed:, :created_at:)', [...], false)
 4 APPPATH\Helpers\logActivity_helper.php(22): CodeIgniter\Database\BaseBuilder->insert([...])
 5 APPPATH\Controllers\BaseController.php(98): logActivity('NAVIGATE', 'Accessed page: http://localhost:8080/', 'http://localhost:8080/')
 6 APPPATH\Controllers\BaseController.php(19): App\Controllers\BaseController->autoLogActivity()
 7 SYSTEMPATH\CodeIgniter.php(904): App\Controllers\BaseController->initController(Object(CodeIgniter\HTTP\IncomingRequest), Object(CodeIgniter\HTTP\Response), Object(CodeIgniter\Log\Logger))
 8 SYSTEMPATH\CodeIgniter.php(500): CodeIgniter\CodeIgniter->createController()
 9 SYSTEMPATH\CodeIgniter.php(355): CodeIgniter\CodeIgniter->handleRequest(null, Object(Config\Cache), false)
10 SYSTEMPATH\Boot.php(325): CodeIgniter\CodeIgniter->run()
11 SYSTEMPATH\Boot.php(67): CodeIgniter\Boot::runCodeIgniter(Object(CodeIgniter\CodeIgniter))
12 FCPATH\index.php(56): CodeIgniter\Boot::bootWeb(Object(Config\Paths))
13 SYSTEMPATH\rewrite.php(44): require_once('C:\\xampp\\htdocs\\helpdesk\\public\\index.php')
CRITICAL - 2025-08-23 14:56:53 --> [Caused by] mysqli_sql_exception: Table 'helpdesk.activity_logs' doesn't exist
in SYSTEMPATH\Database\MySQLi\Connection.php on line 312.
 1 SYSTEMPATH\Database\MySQLi\Connection.php(312): mysqli->query('INSERT INTO `activity_logs` (`user_id`, `role`, `action`, `details`, `url_accessed`, `created_at`) VALUES (\'1\', \'ADMIN\', \'NAVIGATE\', \'Accessed page: http://localhost:8080/\', \'http://localhost:8080/\', \'2025-08-23 21:56:53\')', 0)
 2 SYSTEMPATH\Database\BaseConnection.php(734): CodeIgniter\Database\MySQLi\Connection->execute('INSERT INTO `activity_logs` (`user_id`, `role`, `action`, `details`, `url_accessed`, `created_at`) VALUES (\'1\', \'ADMIN\', \'NAVIGATE\', \'Accessed page: http://localhost:8080/\', \'http://localhost:8080/\', \'2025-08-23 21:56:53\')')
 3 SYSTEMPATH\Database\BaseConnection.php(648): CodeIgniter\Database\BaseConnection->simpleQuery('INSERT INTO `activity_logs` (`user_id`, `role`, `action`, `details`, `url_accessed`, `created_at`) VALUES (\'1\', \'ADMIN\', \'NAVIGATE\', \'Accessed page: http://localhost:8080/\', \'http://localhost:8080/\', \'2025-08-23 21:56:53\')')
 4 SYSTEMPATH\Database\BaseBuilder.php(2340): CodeIgniter\Database\BaseConnection->query('INSERT INTO `activity_logs` (`user_id`, `role`, `action`, `details`, `url_accessed`, `created_at`) VALUES (:user_id:, :role:, :action:, :details:, :url_accessed:, :created_at:)', [...], false)
 5 APPPATH\Helpers\logActivity_helper.php(22): CodeIgniter\Database\BaseBuilder->insert([...])
 6 APPPATH\Controllers\BaseController.php(98): logActivity('NAVIGATE', 'Accessed page: http://localhost:8080/', 'http://localhost:8080/')
 7 APPPATH\Controllers\BaseController.php(19): App\Controllers\BaseController->autoLogActivity()
 8 SYSTEMPATH\CodeIgniter.php(904): App\Controllers\BaseController->initController(Object(CodeIgniter\HTTP\IncomingRequest), Object(CodeIgniter\HTTP\Response), Object(CodeIgniter\Log\Logger))
 9 SYSTEMPATH\CodeIgniter.php(500): CodeIgniter\CodeIgniter->createController()
10 SYSTEMPATH\CodeIgniter.php(355): CodeIgniter\CodeIgniter->handleRequest(null, Object(Config\Cache), false)
11 SYSTEMPATH\Boot.php(325): CodeIgniter\CodeIgniter->run()
12 SYSTEMPATH\Boot.php(67): CodeIgniter\Boot::runCodeIgniter(Object(CodeIgniter\CodeIgniter))
13 FCPATH\index.php(56): CodeIgniter\Boot::bootWeb(Object(Config\Paths))
14 SYSTEMPATH\rewrite.php(44): require_once('C:\\xampp\\htdocs\\helpdesk\\public\\index.php')
INFO - 2025-08-23 14:56:53 --> Session: Class initialized using 'CodeIgniter\Session\Handlers\FileHandler' driver.
ERROR - 2025-08-23 14:56:53 --> mysqli_sql_exception: Table 'helpdesk.activity_logs' doesn't exist in C:\xampp\htdocs\helpdesk\system\Database\MySQLi\Connection.php:312
Stack trace:
#0 C:\xampp\htdocs\helpdesk\system\Database\MySQLi\Connection.php(312): mysqli->query('INSERT INTO `ac...', 0)
#1 C:\xampp\htdocs\helpdesk\system\Database\BaseConnection.php(734): CodeIgniter\Database\MySQLi\Connection->execute('INSERT INTO `ac...')
#2 C:\xampp\htdocs\helpdesk\system\Database\BaseConnection.php(648): CodeIgniter\Database\BaseConnection->simpleQuery('INSERT INTO `ac...')
#3 C:\xampp\htdocs\helpdesk\system\Database\BaseBuilder.php(2340): CodeIgniter\Database\BaseConnection->query('INSERT INTO `ac...', Array, false)
#4 C:\xampp\htdocs\helpdesk\app\Helpers\logActivity_helper.php(22): CodeIgniter\Database\BaseBuilder->insert(Array)
#5 C:\xampp\htdocs\helpdesk\app\Controllers\BaseController.php(98): logActivity('NAVIGATE', 'Accessed page: ...', 'http://localhos...')
#6 C:\xampp\htdocs\helpdesk\app\Controllers\BaseController.php(19): App\Controllers\BaseController->autoLogActivity()
#7 C:\xampp\htdocs\helpdesk\system\CodeIgniter.php(904): App\Controllers\BaseController->initController(Object(CodeIgniter\HTTP\IncomingRequest), Object(CodeIgniter\HTTP\Response), Object(CodeIgniter\Log\Logger))
#8 C:\xampp\htdocs\helpdesk\system\CodeIgniter.php(500): CodeIgniter\CodeIgniter->createController()
#9 C:\xampp\htdocs\helpdesk\system\CodeIgniter.php(355): CodeIgniter\CodeIgniter->handleRequest(NULL, Object(Config\Cache), false)
#10 C:\xampp\htdocs\helpdesk\system\Boot.php(325): CodeIgniter\CodeIgniter->run()
#11 C:\xampp\htdocs\helpdesk\system\Boot.php(67): CodeIgniter\Boot::runCodeIgniter(Object(CodeIgniter\CodeIgniter))
#12 C:\xampp\htdocs\helpdesk\public\index.php(56): CodeIgniter\Boot::bootWeb(Object(Config\Paths))
#13 C:\xampp\htdocs\helpdesk\system\rewrite.php(44): require_once('C:\\xampp\\htdocs...')
#14 {main}
CRITICAL - 2025-08-23 14:56:53 --> CodeIgniter\Database\Exceptions\DatabaseException: Table 'helpdesk.activity_logs' doesn't exist
[Method: GET, Route: /]
in SYSTEMPATH\Database\BaseConnection.php on line 688.
 1 SYSTEMPATH\Database\BaseBuilder.php(2340): CodeIgniter\Database\BaseConnection->query('INSERT INTO `activity_logs` (`user_id`, `role`, `action`, `details`, `url_accessed`, `created_at`) VALUES (:user_id:, :role:, :action:, :details:, :url_accessed:, :created_at:)', [...], false)
 2 APPPATH\Helpers\logActivity_helper.php(22): CodeIgniter\Database\BaseBuilder->insert([...])
 3 APPPATH\Controllers\BaseController.php(98): logActivity('NAVIGATE', 'Accessed page: http://localhost:8080/', 'http://localhost:8080/')
 4 APPPATH\Controllers\BaseController.php(19): App\Controllers\BaseController->autoLogActivity()
 5 SYSTEMPATH\CodeIgniter.php(904): App\Controllers\BaseController->initController(Object(CodeIgniter\HTTP\IncomingRequest), Object(CodeIgniter\HTTP\Response), Object(CodeIgniter\Log\Logger))
 6 SYSTEMPATH\CodeIgniter.php(500): CodeIgniter\CodeIgniter->createController()
 7 SYSTEMPATH\CodeIgniter.php(355): CodeIgniter\CodeIgniter->handleRequest(null, Object(Config\Cache), false)
 8 SYSTEMPATH\Boot.php(325): CodeIgniter\CodeIgniter->run()
 9 SYSTEMPATH\Boot.php(67): CodeIgniter\Boot::runCodeIgniter(Object(CodeIgniter\CodeIgniter))
10 FCPATH\index.php(56): CodeIgniter\Boot::bootWeb(Object(Config\Paths))
11 SYSTEMPATH\rewrite.php(44): require_once('C:\\xampp\\htdocs\\helpdesk\\public\\index.php')
CRITICAL - 2025-08-23 14:56:53 --> [Caused by] CodeIgniter\Database\Exceptions\DatabaseException: Table 'helpdesk.activity_logs' doesn't exist
in SYSTEMPATH\Database\MySQLi\Connection.php on line 317.
 1 SYSTEMPATH\Database\BaseConnection.php(734): CodeIgniter\Database\MySQLi\Connection->execute('INSERT INTO `activity_logs` (`user_id`, `role`, `action`, `details`, `url_accessed`, `created_at`) VALUES (\'1\', \'ADMIN\', \'NAVIGATE\', \'Accessed page: http://localhost:8080/\', \'http://localhost:8080/\', \'2025-08-23 21:56:53\')')
 2 SYSTEMPATH\Database\BaseConnection.php(648): CodeIgniter\Database\BaseConnection->simpleQuery('INSERT INTO `activity_logs` (`user_id`, `role`, `action`, `details`, `url_accessed`, `created_at`) VALUES (\'1\', \'ADMIN\', \'NAVIGATE\', \'Accessed page: http://localhost:8080/\', \'http://localhost:8080/\', \'2025-08-23 21:56:53\')')
 3 SYSTEMPATH\Database\BaseBuilder.php(2340): CodeIgniter\Database\BaseConnection->query('INSERT INTO `activity_logs` (`user_id`, `role`, `action`, `details`, `url_accessed`, `created_at`) VALUES (:user_id:, :role:, :action:, :details:, :url_accessed:, :created_at:)', [...], false)
 4 APPPATH\Helpers\logActivity_helper.php(22): CodeIgniter\Database\BaseBuilder->insert([...])
 5 APPPATH\Controllers\BaseController.php(98): logActivity('NAVIGATE', 'Accessed page: http://localhost:8080/', 'http://localhost:8080/')
 6 APPPATH\Controllers\BaseController.php(19): App\Controllers\BaseController->autoLogActivity()
 7 SYSTEMPATH\CodeIgniter.php(904): App\Controllers\BaseController->initController(Object(CodeIgniter\HTTP\IncomingRequest), Object(CodeIgniter\HTTP\Response), Object(CodeIgniter\Log\Logger))
 8 SYSTEMPATH\CodeIgniter.php(500): CodeIgniter\CodeIgniter->createController()
 9 SYSTEMPATH\CodeIgniter.php(355): CodeIgniter\CodeIgniter->handleRequest(null, Object(Config\Cache), false)
10 SYSTEMPATH\Boot.php(325): CodeIgniter\CodeIgniter->run()
11 SYSTEMPATH\Boot.php(67): CodeIgniter\Boot::runCodeIgniter(Object(CodeIgniter\CodeIgniter))
12 FCPATH\index.php(56): CodeIgniter\Boot::bootWeb(Object(Config\Paths))
13 SYSTEMPATH\rewrite.php(44): require_once('C:\\xampp\\htdocs\\helpdesk\\public\\index.php')
CRITICAL - 2025-08-23 14:56:53 --> [Caused by] mysqli_sql_exception: Table 'helpdesk.activity_logs' doesn't exist
in SYSTEMPATH\Database\MySQLi\Connection.php on line 312.
 1 SYSTEMPATH\Database\MySQLi\Connection.php(312): mysqli->query('INSERT INTO `activity_logs` (`user_id`, `role`, `action`, `details`, `url_accessed`, `created_at`) VALUES (\'1\', \'ADMIN\', \'NAVIGATE\', \'Accessed page: http://localhost:8080/\', \'http://localhost:8080/\', \'2025-08-23 21:56:53\')', 0)
 2 SYSTEMPATH\Database\BaseConnection.php(734): CodeIgniter\Database\MySQLi\Connection->execute('INSERT INTO `activity_logs` (`user_id`, `role`, `action`, `details`, `url_accessed`, `created_at`) VALUES (\'1\', \'ADMIN\', \'NAVIGATE\', \'Accessed page: http://localhost:8080/\', \'http://localhost:8080/\', \'2025-08-23 21:56:53\')')
 3 SYSTEMPATH\Database\BaseConnection.php(648): CodeIgniter\Database\BaseConnection->simpleQuery('INSERT INTO `activity_logs` (`user_id`, `role`, `action`, `details`, `url_accessed`, `created_at`) VALUES (\'1\', \'ADMIN\', \'NAVIGATE\', \'Accessed page: http://localhost:8080/\', \'http://localhost:8080/\', \'2025-08-23 21:56:53\')')
 4 SYSTEMPATH\Database\BaseBuilder.php(2340): CodeIgniter\Database\BaseConnection->query('INSERT INTO `activity_logs` (`user_id`, `role`, `action`, `details`, `url_accessed`, `created_at`) VALUES (:user_id:, :role:, :action:, :details:, :url_accessed:, :created_at:)', [...], false)
 5 APPPATH\Helpers\logActivity_helper.php(22): CodeIgniter\Database\BaseBuilder->insert([...])
 6 APPPATH\Controllers\BaseController.php(98): logActivity('NAVIGATE', 'Accessed page: http://localhost:8080/', 'http://localhost:8080/')
 7 APPPATH\Controllers\BaseController.php(19): App\Controllers\BaseController->autoLogActivity()
 8 SYSTEMPATH\CodeIgniter.php(904): App\Controllers\BaseController->initController(Object(CodeIgniter\HTTP\IncomingRequest), Object(CodeIgniter\HTTP\Response), Object(CodeIgniter\Log\Logger))
 9 SYSTEMPATH\CodeIgniter.php(500): CodeIgniter\CodeIgniter->createController()
10 SYSTEMPATH\CodeIgniter.php(355): CodeIgniter\CodeIgniter->handleRequest(null, Object(Config\Cache), false)
11 SYSTEMPATH\Boot.php(325): CodeIgniter\CodeIgniter->run()
12 SYSTEMPATH\Boot.php(67): CodeIgniter\Boot::runCodeIgniter(Object(CodeIgniter\CodeIgniter))
13 FCPATH\index.php(56): CodeIgniter\Boot::bootWeb(Object(Config\Paths))
14 SYSTEMPATH\rewrite.php(44): require_once('C:\\xampp\\htdocs\\helpdesk\\public\\index.php')
INFO - 2025-08-23 15:04:43 --> Session: Class initialized using 'CodeIgniter\Session\Handlers\FileHandler' driver.
INFO - 2025-08-23 15:04:43 --> Session: Class initialized using 'CodeIgniter\Session\Handlers\FileHandler' driver.
INFO - 2025-08-23 15:04:46 --> Session: Class initialized using 'CodeIgniter\Session\Handlers\FileHandler' driver.
DEBUG - 2025-08-23 15:04:46 --> Admin ID in session: 1
INFO - 2025-08-23 15:04:51 --> Session: Class initialized using 'CodeIgniter\Session\Handlers\FileHandler' driver.
INFO - 2025-08-23 15:04:53 --> Session: Class initialized using 'CodeIgniter\Session\Handlers\FileHandler' driver.
DEBUG - 2025-08-23 15:04:53 --> Admin ID in session: 1
INFO - 2025-08-23 15:04:54 --> Session: Class initialized using 'CodeIgniter\Session\Handlers\FileHandler' driver.
INFO - 2025-08-23 15:05:03 --> Session: Class initialized using 'CodeIgniter\Session\Handlers\FileHandler' driver.
INFO - 2025-08-23 15:05:03 --> Session: Class initialized using 'CodeIgniter\Session\Handlers\FileHandler' driver.
INFO - 2025-08-23 15:05:13 --> Session: Class initialized using 'CodeIgniter\Session\Handlers\FileHandler' driver.
INFO - 2025-08-23 15:05:13 --> Session: Class initialized using 'CodeIgniter\Session\Handlers\FileHandler' driver.
INFO - 2025-08-23 15:05:20 --> Session: Class initialized using 'CodeIgniter\Session\Handlers\FileHandler' driver.
INFO - 2025-08-23 15:05:23 --> Session: Class initialized using 'CodeIgniter\Session\Handlers\FileHandler' driver.
DEBUG - 2025-08-23 15:05:23 --> Admin ID in session: 1
INFO - 2025-08-23 15:05:53 --> Session: Class initialized using 'CodeIgniter\Session\Handlers\FileHandler' driver.
DEBUG - 2025-08-23 15:05:53 --> Admin ID in session: 1
INFO - 2025-08-23 15:06:23 --> Session: Class initialized using 'CodeIgniter\Session\Handlers\FileHandler' driver.
DEBUG - 2025-08-23 15:06:23 --> Admin ID in session: 1
INFO - 2025-08-23 15:06:53 --> Session: Class initialized using 'CodeIgniter\Session\Handlers\FileHandler' driver.
DEBUG - 2025-08-23 15:06:53 --> Admin ID in session: 1
INFO - 2025-08-23 15:07:23 --> Session: Class initialized using 'CodeIgniter\Session\Handlers\FileHandler' driver.
DEBUG - 2025-08-23 15:07:23 --> Admin ID in session: 1
INFO - 2025-08-23 15:07:53 --> Session: Class initialized using 'CodeIgniter\Session\Handlers\FileHandler' driver.
DEBUG - 2025-08-23 15:07:53 --> Admin ID in session: 1
INFO - 2025-08-23 15:08:23 --> Session: Class initialized using 'CodeIgniter\Session\Handlers\FileHandler' driver.
DEBUG - 2025-08-23 15:08:23 --> Admin ID in session: 1
INFO - 2025-08-23 15:08:53 --> Session: Class initialized using 'CodeIgniter\Session\Handlers\FileHandler' driver.
DEBUG - 2025-08-23 15:08:53 --> Admin ID in session: 1
INFO - 2025-08-23 15:09:45 --> Session: Class initialized using 'CodeIgniter\Session\Handlers\FileHandler' driver.
DEBUG - 2025-08-23 15:09:45 --> Admin ID in session: 1
INFO - 2025-08-23 15:10:43 --> Session: Class initialized using 'CodeIgniter\Session\Handlers\FileHandler' driver.
DEBUG - 2025-08-23 15:10:43 --> Admin ID in session: 1
INFO - 2025-08-23 15:10:53 --> Session: Class initialized using 'CodeIgniter\Session\Handlers\FileHandler' driver.
DEBUG - 2025-08-23 15:10:53 --> Admin ID in session: 1
INFO - 2025-08-23 15:11:23 --> Session: Class initialized using 'CodeIgniter\Session\Handlers\FileHandler' driver.
DEBUG - 2025-08-23 15:11:23 --> Admin ID in session: 1
INFO - 2025-08-23 15:11:53 --> Session: Class initialized using 'CodeIgniter\Session\Handlers\FileHandler' driver.
DEBUG - 2025-08-23 15:11:53 --> Admin ID in session: 1
INFO - 2025-08-23 15:12:06 --> Session: Class initialized using 'CodeIgniter\Session\Handlers\FileHandler' driver.
INFO - 2025-08-23 15:12:07 --> Session: Class initialized using 'CodeIgniter\Session\Handlers\FileHandler' driver.
DEBUG - 2025-08-23 15:12:07 --> Admin ID in session: 1
INFO - 2025-08-23 15:12:13 --> Session: Class initialized using 'CodeIgniter\Session\Handlers\FileHandler' driver.
INFO - 2025-08-23 15:12:14 --> Session: Class initialized using 'CodeIgniter\Session\Handlers\FileHandler' driver.
DEBUG - 2025-08-23 15:12:14 --> Admin ID in session: 1
INFO - 2025-08-23 15:12:42 --> Session: Class initialized using 'CodeIgniter\Session\Handlers\FileHandler' driver.
INFO - 2025-08-23 15:12:43 --> Session: Class initialized using 'CodeIgniter\Session\Handlers\FileHandler' driver.
INFO - 2025-08-23 15:12:44 --> Session: Class initialized using 'CodeIgniter\Session\Handlers\FileHandler' driver.
DEBUG - 2025-08-23 15:12:44 --> Admin ID in session: 1
INFO - 2025-08-23 15:12:45 --> Session: Class initialized using 'CodeIgniter\Session\Handlers\FileHandler' driver.
DEBUG - 2025-08-23 15:12:45 --> Admin ID in session: 1
INFO - 2025-08-23 15:13:16 --> Session: Class initialized using 'CodeIgniter\Session\Handlers\FileHandler' driver.
DEBUG - 2025-08-23 15:13:16 --> Admin ID in session: 1
INFO - 2025-08-23 15:13:46 --> Session: Class initialized using 'CodeIgniter\Session\Handlers\FileHandler' driver.
DEBUG - 2025-08-23 15:13:46 --> Admin ID in session: 1
INFO - 2025-08-23 15:14:16 --> Session: Class initialized using 'CodeIgniter\Session\Handlers\FileHandler' driver.
DEBUG - 2025-08-23 15:14:16 --> Admin ID in session: 1
INFO - 2025-08-23 15:14:46 --> Session: Class initialized using 'CodeIgniter\Session\Handlers\FileHandler' driver.
DEBUG - 2025-08-23 15:14:46 --> Admin ID in session: 1
INFO - 2025-08-23 15:15:16 --> Session: Class initialized using 'CodeIgniter\Session\Handlers\FileHandler' driver.
DEBUG - 2025-08-23 15:15:16 --> Admin ID in session: 1
INFO - 2025-08-23 15:15:46 --> Session: Class initialized using 'CodeIgniter\Session\Handlers\FileHandler' driver.
DEBUG - 2025-08-23 15:15:46 --> Admin ID in session: 1
INFO - 2025-08-23 15:16:16 --> Session: Class initialized using 'CodeIgniter\Session\Handlers\FileHandler' driver.
DEBUG - 2025-08-23 15:16:16 --> Admin ID in session: 1
INFO - 2025-08-23 15:17:17 --> Session: Class initialized using 'CodeIgniter\Session\Handlers\FileHandler' driver.
DEBUG - 2025-08-23 15:17:17 --> Admin ID in session: 1
INFO - 2025-08-23 15:18:11 --> Session: Class initialized using 'CodeIgniter\Session\Handlers\FileHandler' driver.
DEBUG - 2025-08-23 15:18:11 --> Admin ID in session: 1
INFO - 2025-08-23 15:18:15 --> Session: Class initialized using 'CodeIgniter\Session\Handlers\FileHandler' driver.
DEBUG - 2025-08-23 15:18:15 --> Admin ID in session: 1
INFO - 2025-08-23 15:18:17 --> Session: Class initialized using 'CodeIgniter\Session\Handlers\FileHandler' driver.
INFO - 2025-08-23 15:18:18 --> Session: Class initialized using 'CodeIgniter\Session\Handlers\FileHandler' driver.
DEBUG - 2025-08-23 15:18:18 --> Admin ID in session: 1
INFO - 2025-08-23 15:18:23 --> Session: Class initialized using 'CodeIgniter\Session\Handlers\FileHandler' driver.
INFO - 2025-08-23 15:18:24 --> Session: Class initialized using 'CodeIgniter\Session\Handlers\FileHandler' driver.
DEBUG - 2025-08-23 15:18:24 --> Admin ID in session: 1
INFO - 2025-08-23 15:18:26 --> Session: Class initialized using 'CodeIgniter\Session\Handlers\FileHandler' driver.
INFO - 2025-08-23 15:18:54 --> Session: Class initialized using 'CodeIgniter\Session\Handlers\FileHandler' driver.
DEBUG - 2025-08-23 15:18:54 --> Admin ID in session: 1
INFO - 2025-08-23 15:19:22 --> Session: Class initialized using 'CodeIgniter\Session\Handlers\FileHandler' driver.
INFO - 2025-08-23 15:19:23 --> Session: Class initialized using 'CodeIgniter\Session\Handlers\FileHandler' driver.
INFO - 2025-08-23 15:19:24 --> Session: Class initialized using 'CodeIgniter\Session\Handlers\FileHandler' driver.
DEBUG - 2025-08-23 15:19:24 --> Admin ID in session: 1
INFO - 2025-08-23 15:19:54 --> Session: Class initialized using 'CodeIgniter\Session\Handlers\FileHandler' driver.
DEBUG - 2025-08-23 15:19:54 --> Admin ID in session: 1
INFO - 2025-08-23 15:20:25 --> Session: Class initialized using 'CodeIgniter\Session\Handlers\FileHandler' driver.
DEBUG - 2025-08-23 15:20:25 --> Admin ID in session: 1
INFO - 2025-08-23 15:20:55 --> Session: Class initialized using 'CodeIgniter\Session\Handlers\FileHandler' driver.
DEBUG - 2025-08-23 15:20:55 --> Admin ID in session: 1
INFO - 2025-08-23 15:21:25 --> Session: Class initialized using 'CodeIgniter\Session\Handlers\FileHandler' driver.
DEBUG - 2025-08-23 15:21:25 --> Admin ID in session: 1
INFO - 2025-08-23 15:21:54 --> Session: Class initialized using 'CodeIgniter\Session\Handlers\FileHandler' driver.
DEBUG - 2025-08-23 15:21:54 --> Admin ID in session: 1
INFO - 2025-08-23 15:22:25 --> Session: Class initialized using 'CodeIgniter\Session\Handlers\FileHandler' driver.
DEBUG - 2025-08-23 15:22:25 --> Admin ID in session: 1
INFO - 2025-08-23 15:22:55 --> Session: Class initialized using 'CodeIgniter\Session\Handlers\FileHandler' driver.
DEBUG - 2025-08-23 15:22:55 --> Admin ID in session: 1
INFO - 2025-08-23 15:23:45 --> Session: Class initialized using 'CodeIgniter\Session\Handlers\FileHandler' driver.
DEBUG - 2025-08-23 15:23:45 --> Admin ID in session: 1
INFO - 2025-08-23 15:24:45 --> Session: Class initialized using 'CodeIgniter\Session\Handlers\FileHandler' driver.
DEBUG - 2025-08-23 15:24:45 --> Admin ID in session: 1
INFO - 2025-08-23 15:25:45 --> Session: Class initialized using 'CodeIgniter\Session\Handlers\FileHandler' driver.
DEBUG - 2025-08-23 15:25:45 --> Admin ID in session: 1
INFO - 2025-08-23 15:26:05 --> Session: Class initialized using 'CodeIgniter\Session\Handlers\FileHandler' driver.
DEBUG - 2025-08-23 15:26:05 --> Admin ID in session: 1
INFO - 2025-08-23 15:26:25 --> Session: Class initialized using 'CodeIgniter\Session\Handlers\FileHandler' driver.
DEBUG - 2025-08-23 15:26:25 --> Admin ID in session: 1
INFO - 2025-08-23 15:26:55 --> Session: Class initialized using 'CodeIgniter\Session\Handlers\FileHandler' driver.
DEBUG - 2025-08-23 15:26:55 --> Admin ID in session: 1
INFO - 2025-08-23 15:27:45 --> Session: Class initialized using 'CodeIgniter\Session\Handlers\FileHandler' driver.
DEBUG - 2025-08-23 15:27:45 --> Admin ID in session: 1
INFO - 2025-08-23 15:28:45 --> Session: Class initialized using 'CodeIgniter\Session\Handlers\FileHandler' driver.
DEBUG - 2025-08-23 15:28:45 --> Admin ID in session: 1
INFO - 2025-08-23 15:29:44 --> Session: Class initialized using 'CodeIgniter\Session\Handlers\FileHandler' driver.
DEBUG - 2025-08-23 15:29:44 --> Admin ID in session: 1
INFO - 2025-08-23 15:30:44 --> Session: Class initialized using 'CodeIgniter\Session\Handlers\FileHandler' driver.
DEBUG - 2025-08-23 15:30:44 --> Admin ID in session: 1
INFO - 2025-08-23 15:31:45 --> Session: Class initialized using 'CodeIgniter\Session\Handlers\FileHandler' driver.
DEBUG - 2025-08-23 15:31:45 --> Admin ID in session: 1
INFO - 2025-08-23 15:32:45 --> Session: Class initialized using 'CodeIgniter\Session\Handlers\FileHandler' driver.
DEBUG - 2025-08-23 15:32:45 --> Admin ID in session: 1
INFO - 2025-08-23 15:33:03 --> Session: Class initialized using 'CodeIgniter\Session\Handlers\FileHandler' driver.
DEBUG - 2025-08-23 15:33:03 --> Admin ID in session: 1
INFO - 2025-08-23 15:33:05 --> Session: Class initialized using 'CodeIgniter\Session\Handlers\FileHandler' driver.
INFO - 2025-08-23 15:33:06 --> Session: Class initialized using 'CodeIgniter\Session\Handlers\FileHandler' driver.
DEBUG - 2025-08-23 15:33:06 --> Admin ID in session: 1
INFO - 2025-08-23 15:33:13 --> Session: Class initialized using 'CodeIgniter\Session\Handlers\FileHandler' driver.
INFO - 2025-08-23 15:33:15 --> Session: Class initialized using 'CodeIgniter\Session\Handlers\FileHandler' driver.
DEBUG - 2025-08-23 15:33:15 --> Admin ID in session: 1
INFO - 2025-08-23 15:33:40 --> Session: Class initialized using 'CodeIgniter\Session\Handlers\FileHandler' driver.
INFO - 2025-08-23 16:00:47 --> Session: Class initialized using 'CodeIgniter\Session\Handlers\FileHandler' driver.
ERROR - 2025-08-23 16:00:47 --> mysqli_sql_exception: Table 'helpdesk.users' doesn't exist in C:\xampp\htdocs\helpdesk\system\Database\MySQLi\Connection.php:312
Stack trace:
#0 C:\xampp\htdocs\helpdesk\system\Database\MySQLi\Connection.php(312): mysqli->query('INSERT INTO `us...', 0)
#1 C:\xampp\htdocs\helpdesk\system\Database\BaseConnection.php(734): CodeIgniter\Database\MySQLi\Connection->execute('INSERT INTO `us...')
#2 C:\xampp\htdocs\helpdesk\system\Database\BaseConnection.php(648): CodeIgniter\Database\BaseConnection->simpleQuery('INSERT INTO `us...')
#3 C:\xampp\htdocs\helpdesk\system\Database\BaseBuilder.php(2340): CodeIgniter\Database\BaseConnection->query('INSERT INTO `us...', Array, false)
#4 C:\xampp\htdocs\helpdesk\system\Model.php(394): CodeIgniter\Database\BaseBuilder->insert()
#5 C:\xampp\htdocs\helpdesk\system\BaseModel.php(840): CodeIgniter\Model->doInsert(Array)
#6 C:\xampp\htdocs\helpdesk\system\Model.php(802): CodeIgniter\BaseModel->insert(Array, true)
#7 C:\xampp\htdocs\helpdesk\app\Controllers\UserManagerController.php(45): CodeIgniter\Model->insert(Array)
#8 C:\xampp\htdocs\helpdesk\system\CodeIgniter.php(933): App\Controllers\UserManagerController->store()
#9 C:\xampp\htdocs\helpdesk\system\CodeIgniter.php(509): CodeIgniter\CodeIgniter->runController(Object(App\Controllers\UserManagerController))
#10 C:\xampp\htdocs\helpdesk\system\CodeIgniter.php(355): CodeIgniter\CodeIgniter->handleRequest(NULL, Object(Config\Cache), false)
#11 C:\xampp\htdocs\helpdesk\system\Boot.php(325): CodeIgniter\CodeIgniter->run()
#12 C:\xampp\htdocs\helpdesk\system\Boot.php(67): CodeIgniter\Boot::runCodeIgniter(Object(CodeIgniter\CodeIgniter))
#13 C:\xampp\htdocs\helpdesk\public\index.php(56): CodeIgniter\Boot::bootWeb(Object(Config\Paths))
#14 C:\xampp\htdocs\helpdesk\system\rewrite.php(44): require_once('C:\\xampp\\htdocs...')
#15 {main}
CRITICAL - 2025-08-23 16:00:47 --> CodeIgniter\Database\Exceptions\DatabaseException: Table 'helpdesk.users' doesn't exist
[Method: POST, Route: ACCOUNT%20MANAGER/user/store]
in SYSTEMPATH\Database\BaseConnection.php on line 688.
 1 SYSTEMPATH\Database\BaseBuilder.php(2340): CodeIgniter\Database\BaseConnection->query('INSERT INTO `users` (`username`, `email`, `password`, `role`) VALUES (:username:, :email:, :password:, :role:)', [...], false)
 2 SYSTEMPATH\Model.php(394): CodeIgniter\Database\BaseBuilder->insert()
 3 SYSTEMPATH\BaseModel.php(840): CodeIgniter\Model->doInsert([...])
 4 SYSTEMPATH\Model.php(802): CodeIgniter\BaseModel->insert([...], true)
 5 APPPATH\Controllers\UserManagerController.php(45): CodeIgniter\Model->insert([...])
 6 SYSTEMPATH\CodeIgniter.php(933): App\Controllers\UserManagerController->store()
 7 SYSTEMPATH\CodeIgniter.php(509): CodeIgniter\CodeIgniter->runController(Object(App\Controllers\UserManagerController))
 8 SYSTEMPATH\CodeIgniter.php(355): CodeIgniter\CodeIgniter->handleRequest(null, Object(Config\Cache), false)
 9 SYSTEMPATH\Boot.php(325): CodeIgniter\CodeIgniter->run()
10 SYSTEMPATH\Boot.php(67): CodeIgniter\Boot::runCodeIgniter(Object(CodeIgniter\CodeIgniter))
11 FCPATH\index.php(56): CodeIgniter\Boot::bootWeb(Object(Config\Paths))
12 SYSTEMPATH\rewrite.php(44): require_once('C:\\xampp\\htdocs\\helpdesk\\public\\index.php')
CRITICAL - 2025-08-23 16:00:47 --> [Caused by] CodeIgniter\Database\Exceptions\DatabaseException: Table 'helpdesk.users' doesn't exist
in SYSTEMPATH\Database\MySQLi\Connection.php on line 317.
 1 SYSTEMPATH\Database\BaseConnection.php(734): CodeIgniter\Database\MySQLi\Connection->execute('INSERT INTO `users` (`username`, `email`, `password`, `role`) VALUES (\'jack\', \'jack@helpdesk.com\', \'$2y$10$Es0VtpcrHsT2ecHYJKbU7ObajMTdkGcvsDSru4wxWXAgaGYHD21/G\', \'USER\')')
 2 SYSTEMPATH\Database\BaseConnection.php(648): CodeIgniter\Database\BaseConnection->simpleQuery('INSERT INTO `users` (`username`, `email`, `password`, `role`) VALUES (\'jack\', \'jack@helpdesk.com\', \'$2y$10$Es0VtpcrHsT2ecHYJKbU7ObajMTdkGcvsDSru4wxWXAgaGYHD21/G\', \'USER\')')
 3 SYSTEMPATH\Database\BaseBuilder.php(2340): CodeIgniter\Database\BaseConnection->query('INSERT INTO `users` (`username`, `email`, `password`, `role`) VALUES (:username:, :email:, :password:, :role:)', [...], false)
 4 SYSTEMPATH\Model.php(394): CodeIgniter\Database\BaseBuilder->insert()
 5 SYSTEMPATH\BaseModel.php(840): CodeIgniter\Model->doInsert([...])
 6 SYSTEMPATH\Model.php(802): CodeIgniter\BaseModel->insert([...], true)
 7 APPPATH\Controllers\UserManagerController.php(45): CodeIgniter\Model->insert([...])
 8 SYSTEMPATH\CodeIgniter.php(933): App\Controllers\UserManagerController->store()
 9 SYSTEMPATH\CodeIgniter.php(509): CodeIgniter\CodeIgniter->runController(Object(App\Controllers\UserManagerController))
10 SYSTEMPATH\CodeIgniter.php(355): CodeIgniter\CodeIgniter->handleRequest(null, Object(Config\Cache), false)
11 SYSTEMPATH\Boot.php(325): CodeIgniter\CodeIgniter->run()
12 SYSTEMPATH\Boot.php(67): CodeIgniter\Boot::runCodeIgniter(Object(CodeIgniter\CodeIgniter))
13 FCPATH\index.php(56): CodeIgniter\Boot::bootWeb(Object(Config\Paths))
14 SYSTEMPATH\rewrite.php(44): require_once('C:\\xampp\\htdocs\\helpdesk\\public\\index.php')
CRITICAL - 2025-08-23 16:00:47 --> [Caused by] mysqli_sql_exception: Table 'helpdesk.users' doesn't exist
in SYSTEMPATH\Database\MySQLi\Connection.php on line 312.
 1 SYSTEMPATH\Database\MySQLi\Connection.php(312): mysqli->query('INSERT INTO `users` (`username`, `email`, `password`, `role`) VALUES (\'jack\', \'jack@helpdesk.com\', \'$2y$10$Es0VtpcrHsT2ecHYJKbU7ObajMTdkGcvsDSru4wxWXAgaGYHD21/G\', \'USER\')', 0)
 2 SYSTEMPATH\Database\BaseConnection.php(734): CodeIgniter\Database\MySQLi\Connection->execute('INSERT INTO `users` (`username`, `email`, `password`, `role`) VALUES (\'jack\', \'jack@helpdesk.com\', \'$2y$10$Es0VtpcrHsT2ecHYJKbU7ObajMTdkGcvsDSru4wxWXAgaGYHD21/G\', \'USER\')')
 3 SYSTEMPATH\Database\BaseConnection.php(648): CodeIgniter\Database\BaseConnection->simpleQuery('INSERT INTO `users` (`username`, `email`, `password`, `role`) VALUES (\'jack\', \'jack@helpdesk.com\', \'$2y$10$Es0VtpcrHsT2ecHYJKbU7ObajMTdkGcvsDSru4wxWXAgaGYHD21/G\', \'USER\')')
 4 SYSTEMPATH\Database\BaseBuilder.php(2340): CodeIgniter\Database\BaseConnection->query('INSERT INTO `users` (`username`, `email`, `password`, `role`) VALUES (:username:, :email:, :password:, :role:)', [...], false)
 5 SYSTEMPATH\Model.php(394): CodeIgniter\Database\BaseBuilder->insert()
 6 SYSTEMPATH\BaseModel.php(840): CodeIgniter\Model->doInsert([...])
 7 SYSTEMPATH\Model.php(802): CodeIgniter\BaseModel->insert([...], true)
 8 APPPATH\Controllers\UserManagerController.php(45): CodeIgniter\Model->insert([...])
 9 SYSTEMPATH\CodeIgniter.php(933): App\Controllers\UserManagerController->store()
10 SYSTEMPATH\CodeIgniter.php(509): CodeIgniter\CodeIgniter->runController(Object(App\Controllers\UserManagerController))
11 SYSTEMPATH\CodeIgniter.php(355): CodeIgniter\CodeIgniter->handleRequest(null, Object(Config\Cache), false)
12 SYSTEMPATH\Boot.php(325): CodeIgniter\CodeIgniter->run()
13 SYSTEMPATH\Boot.php(67): CodeIgniter\Boot::runCodeIgniter(Object(CodeIgniter\CodeIgniter))
14 FCPATH\index.php(56): CodeIgniter\Boot::bootWeb(Object(Config\Paths))
15 SYSTEMPATH\rewrite.php(44): require_once('C:\\xampp\\htdocs\\helpdesk\\public\\index.php')
INFO - 2025-08-23 16:10:45 --> Session: Class initialized using 'CodeIgniter\Session\Handlers\FileHandler' driver.
INFO - 2025-08-23 16:10:46 --> Session: Class initialized using 'CodeIgniter\Session\Handlers\FileHandler' driver.
INFO - 2025-08-23 16:10:47 --> Session: Class initialized using 'CodeIgniter\Session\Handlers\FileHandler' driver.
DEBUG - 2025-08-23 16:10:47 --> Admin ID in session: 1
INFO - 2025-08-23 16:11:18 --> Session: Class initialized using 'CodeIgniter\Session\Handlers\FileHandler' driver.
DEBUG - 2025-08-23 16:11:18 --> Admin ID in session: 1
