CRITICAL - 2024-12-08 02:42:11 --> CodeIgniter\View\Exceptions\ViewException: Invalid file: "new_employee.php"
[Method: GET, Route: new_employee]
in SYSTEMPATH\Exceptions\FrameworkException.php on line 41.
 1 SYSTEMPATH\View\View.php(222): CodeIgniter\Exceptions\FrameworkException::forInvalidFile('new_employee.php')
 2 SYSTEMPATH\Common.php(1171): CodeIgniter\View\View->render('new_employee', [], true)
 3 APPPATH\Controllers\NewEmployeeController.php(11): view('new_employee')
 4 SYSTEMPATH\CodeIgniter.php(933): App\Controllers\NewEmployeeController->index()
 5 SYSTEMPATH\CodeIgniter.php(509): CodeIgniter\CodeIgniter->runController(Object(App\Controllers\NewEmployeeController))
 6 SYSTEMPATH\CodeIgniter.php(355): CodeIgniter\CodeIgniter->handleRequest(null, Object(Config\Cache), false)
 7 SYSTEMPATH\Boot.php(325): CodeIgniter\CodeIgniter->run()
 8 SYSTEMPATH\Boot.php(67): CodeIgniter\Boot::runCodeIgniter(Object(CodeIgniter\CodeIgniter))
 9 FCPATH\index.php(56): CodeIgniter\Boot::bootWeb(Object(Config\Paths))
10 SYSTEMPATH\rewrite.php(44): require_once('C:\\Xampp\\htdocs\\helpdesk\\public\\index.php')
CRITICAL - 2024-12-08 02:49:34 --> CodeIgniter\View\Exceptions\ViewException: Invalid file: "new_employee.php"
[Method: GET, Route: new_employee]
in SYSTEMPATH\Exceptions\FrameworkException.php on line 41.
 1 SYSTEMPATH\View\View.php(222): CodeIgniter\Exceptions\FrameworkException::forInvalidFile('new_employee.php')
 2 SYSTEMPATH\Common.php(1171): CodeIgniter\View\View->render('new_employee', [], true)
 3 APPPATH\Controllers\NewEmployeeController.php(9): view('new_employee')
 4 SYSTEMPATH\CodeIgniter.php(933): App\Controllers\NewEmployeeController->index()
 5 SYSTEMPATH\CodeIgniter.php(509): CodeIgniter\CodeIgniter->runController(Object(App\Controllers\NewEmployeeController))
 6 SYSTEMPATH\CodeIgniter.php(355): CodeIgniter\CodeIgniter->handleRequest(null, Object(Config\Cache), false)
 7 SYSTEMPATH\Boot.php(325): CodeIgniter\CodeIgniter->run()
 8 SYSTEMPATH\Boot.php(67): CodeIgniter\Boot::runCodeIgniter(Object(CodeIgniter\CodeIgniter))
 9 FCPATH\index.php(56): CodeIgniter\Boot::bootWeb(Object(Config\Paths))
10 SYSTEMPATH\rewrite.php(44): require_once('C:\\Xampp\\htdocs\\helpdesk\\public\\index.php')
CRITICAL - 2024-12-08 02:49:36 --> CodeIgniter\View\Exceptions\ViewException: Invalid file: "exit_employee.php"
[Method: GET, Route: exit_employee]
in SYSTEMPATH\Exceptions\FrameworkException.php on line 41.
 1 SYSTEMPATH\View\View.php(222): CodeIgniter\Exceptions\FrameworkException::forInvalidFile('exit_employee.php')
 2 SYSTEMPATH\Common.php(1171): CodeIgniter\View\View->render('exit_employee', [], true)
 3 APPPATH\Controllers\ExitEmployeeController.php(9): view('exit_employee')
 4 SYSTEMPATH\CodeIgniter.php(933): App\Controllers\ExitEmployeeController->index()
 5 SYSTEMPATH\CodeIgniter.php(509): CodeIgniter\CodeIgniter->runController(Object(App\Controllers\ExitEmployeeController))
 6 SYSTEMPATH\CodeIgniter.php(355): CodeIgniter\CodeIgniter->handleRequest(null, Object(Config\Cache), false)
 7 SYSTEMPATH\Boot.php(325): CodeIgniter\CodeIgniter->run()
 8 SYSTEMPATH\Boot.php(67): CodeIgniter\Boot::runCodeIgniter(Object(CodeIgniter\CodeIgniter))
 9 FCPATH\index.php(56): CodeIgniter\Boot::bootWeb(Object(Config\Paths))
10 SYSTEMPATH\rewrite.php(44): require_once('C:\\Xampp\\htdocs\\helpdesk\\public\\index.php')
CRITICAL - 2024-12-08 02:49:37 --> CodeIgniter\View\Exceptions\ViewException: Invalid file: "new_employee.php"
[Method: GET, Route: new_employee]
in SYSTEMPATH\Exceptions\FrameworkException.php on line 41.
 1 SYSTEMPATH\View\View.php(222): CodeIgniter\Exceptions\FrameworkException::forInvalidFile('new_employee.php')
 2 SYSTEMPATH\Common.php(1171): CodeIgniter\View\View->render('new_employee', [], true)
 3 APPPATH\Controllers\NewEmployeeController.php(9): view('new_employee')
 4 SYSTEMPATH\CodeIgniter.php(933): App\Controllers\NewEmployeeController->index()
 5 SYSTEMPATH\CodeIgniter.php(509): CodeIgniter\CodeIgniter->runController(Object(App\Controllers\NewEmployeeController))
 6 SYSTEMPATH\CodeIgniter.php(355): CodeIgniter\CodeIgniter->handleRequest(null, Object(Config\Cache), false)
 7 SYSTEMPATH\Boot.php(325): CodeIgniter\CodeIgniter->run()
 8 SYSTEMPATH\Boot.php(67): CodeIgniter\Boot::runCodeIgniter(Object(CodeIgniter\CodeIgniter))
 9 FCPATH\index.php(56): CodeIgniter\Boot::bootWeb(Object(Config\Paths))
10 SYSTEMPATH\rewrite.php(44): require_once('C:\\Xampp\\htdocs\\helpdesk\\public\\index.php')
CRITICAL - 2024-12-08 02:49:38 --> CodeIgniter\View\Exceptions\ViewException: Invalid file: "exit_employee.php"
[Method: GET, Route: exit_employee]
in SYSTEMPATH\Exceptions\FrameworkException.php on line 41.
 1 SYSTEMPATH\View\View.php(222): CodeIgniter\Exceptions\FrameworkException::forInvalidFile('exit_employee.php')
 2 SYSTEMPATH\Common.php(1171): CodeIgniter\View\View->render('exit_employee', [], true)
 3 APPPATH\Controllers\ExitEmployeeController.php(9): view('exit_employee')
 4 SYSTEMPATH\CodeIgniter.php(933): App\Controllers\ExitEmployeeController->index()
 5 SYSTEMPATH\CodeIgniter.php(509): CodeIgniter\CodeIgniter->runController(Object(App\Controllers\ExitEmployeeController))
 6 SYSTEMPATH\CodeIgniter.php(355): CodeIgniter\CodeIgniter->handleRequest(null, Object(Config\Cache), false)
 7 SYSTEMPATH\Boot.php(325): CodeIgniter\CodeIgniter->run()
 8 SYSTEMPATH\Boot.php(67): CodeIgniter\Boot::runCodeIgniter(Object(CodeIgniter\CodeIgniter))
 9 FCPATH\index.php(56): CodeIgniter\Boot::bootWeb(Object(Config\Paths))
10 SYSTEMPATH\rewrite.php(44): require_once('C:\\Xampp\\htdocs\\helpdesk\\public\\index.php')
CRITICAL - 2024-12-08 02:49:39 --> CodeIgniter\View\Exceptions\ViewException: Invalid file: "new_employee.php"
[Method: GET, Route: new_employee]
in SYSTEMPATH\Exceptions\FrameworkException.php on line 41.
 1 SYSTEMPATH\View\View.php(222): CodeIgniter\Exceptions\FrameworkException::forInvalidFile('new_employee.php')
 2 SYSTEMPATH\Common.php(1171): CodeIgniter\View\View->render('new_employee', [], true)
 3 APPPATH\Controllers\NewEmployeeController.php(9): view('new_employee')
 4 SYSTEMPATH\CodeIgniter.php(933): App\Controllers\NewEmployeeController->index()
 5 SYSTEMPATH\CodeIgniter.php(509): CodeIgniter\CodeIgniter->runController(Object(App\Controllers\NewEmployeeController))
 6 SYSTEMPATH\CodeIgniter.php(355): CodeIgniter\CodeIgniter->handleRequest(null, Object(Config\Cache), false)
 7 SYSTEMPATH\Boot.php(325): CodeIgniter\CodeIgniter->run()
 8 SYSTEMPATH\Boot.php(67): CodeIgniter\Boot::runCodeIgniter(Object(CodeIgniter\CodeIgniter))
 9 FCPATH\index.php(56): CodeIgniter\Boot::bootWeb(Object(Config\Paths))
10 SYSTEMPATH\rewrite.php(44): require_once('C:\\Xampp\\htdocs\\helpdesk\\public\\index.php')
CRITICAL - 2024-12-08 02:50:34 --> CodeIgniter\View\Exceptions\ViewException: Invalid file: "new_employee.php"
[Method: GET, Route: new_employee]
in SYSTEMPATH\Exceptions\FrameworkException.php on line 41.
 1 SYSTEMPATH\View\View.php(222): CodeIgniter\Exceptions\FrameworkException::forInvalidFile('new_employee.php')
 2 SYSTEMPATH\Common.php(1171): CodeIgniter\View\View->render('new_employee', [], true)
 3 APPPATH\Controllers\NewEmployeeController.php(11): view('new_employee')
 4 SYSTEMPATH\CodeIgniter.php(933): App\Controllers\NewEmployeeController->index()
 5 SYSTEMPATH\CodeIgniter.php(509): CodeIgniter\CodeIgniter->runController(Object(App\Controllers\NewEmployeeController))
 6 SYSTEMPATH\CodeIgniter.php(355): CodeIgniter\CodeIgniter->handleRequest(null, Object(Config\Cache), false)
 7 SYSTEMPATH\Boot.php(325): CodeIgniter\CodeIgniter->run()
 8 SYSTEMPATH\Boot.php(67): CodeIgniter\Boot::runCodeIgniter(Object(CodeIgniter\CodeIgniter))
 9 FCPATH\index.php(56): CodeIgniter\Boot::bootWeb(Object(Config\Paths))
10 SYSTEMPATH\rewrite.php(44): require_once('C:\\Xampp\\htdocs\\helpdesk\\public\\index.php')
CRITICAL - 2024-12-08 02:50:35 --> CodeIgniter\View\Exceptions\ViewException: Invalid file: "exit_employee.php"
[Method: GET, Route: exit_employee]
in SYSTEMPATH\Exceptions\FrameworkException.php on line 41.
 1 SYSTEMPATH\View\View.php(222): CodeIgniter\Exceptions\FrameworkException::forInvalidFile('exit_employee.php')
 2 SYSTEMPATH\Common.php(1171): CodeIgniter\View\View->render('exit_employee', [], true)
 3 APPPATH\Controllers\ExitEmployeeController.php(11): view('exit_employee')
 4 SYSTEMPATH\CodeIgniter.php(933): App\Controllers\ExitEmployeeController->index()
 5 SYSTEMPATH\CodeIgniter.php(509): CodeIgniter\CodeIgniter->runController(Object(App\Controllers\ExitEmployeeController))
 6 SYSTEMPATH\CodeIgniter.php(355): CodeIgniter\CodeIgniter->handleRequest(null, Object(Config\Cache), false)
 7 SYSTEMPATH\Boot.php(325): CodeIgniter\CodeIgniter->run()
 8 SYSTEMPATH\Boot.php(67): CodeIgniter\Boot::runCodeIgniter(Object(CodeIgniter\CodeIgniter))
 9 FCPATH\index.php(56): CodeIgniter\Boot::bootWeb(Object(Config\Paths))
10 SYSTEMPATH\rewrite.php(44): require_once('C:\\Xampp\\htdocs\\helpdesk\\public\\index.php')
CRITICAL - 2024-12-08 02:50:36 --> CodeIgniter\View\Exceptions\ViewException: Invalid file: "new_employee.php"
[Method: GET, Route: new_employee]
in SYSTEMPATH\Exceptions\FrameworkException.php on line 41.
 1 SYSTEMPATH\View\View.php(222): CodeIgniter\Exceptions\FrameworkException::forInvalidFile('new_employee.php')
 2 SYSTEMPATH\Common.php(1171): CodeIgniter\View\View->render('new_employee', [], true)
 3 APPPATH\Controllers\NewEmployeeController.php(11): view('new_employee')
 4 SYSTEMPATH\CodeIgniter.php(933): App\Controllers\NewEmployeeController->index()
 5 SYSTEMPATH\CodeIgniter.php(509): CodeIgniter\CodeIgniter->runController(Object(App\Controllers\NewEmployeeController))
 6 SYSTEMPATH\CodeIgniter.php(355): CodeIgniter\CodeIgniter->handleRequest(null, Object(Config\Cache), false)
 7 SYSTEMPATH\Boot.php(325): CodeIgniter\CodeIgniter->run()
 8 SYSTEMPATH\Boot.php(67): CodeIgniter\Boot::runCodeIgniter(Object(CodeIgniter\CodeIgniter))
 9 FCPATH\index.php(56): CodeIgniter\Boot::bootWeb(Object(Config\Paths))
10 SYSTEMPATH\rewrite.php(44): require_once('C:\\Xampp\\htdocs\\helpdesk\\public\\index.php')
CRITICAL - 2024-12-08 02:50:38 --> CodeIgniter\View\Exceptions\ViewException: Invalid file: "exit_employee.php"
[Method: GET, Route: exit_employee]
in SYSTEMPATH\Exceptions\FrameworkException.php on line 41.
 1 SYSTEMPATH\View\View.php(222): CodeIgniter\Exceptions\FrameworkException::forInvalidFile('exit_employee.php')
 2 SYSTEMPATH\Common.php(1171): CodeIgniter\View\View->render('exit_employee', [], true)
 3 APPPATH\Controllers\ExitEmployeeController.php(11): view('exit_employee')
 4 SYSTEMPATH\CodeIgniter.php(933): App\Controllers\ExitEmployeeController->index()
 5 SYSTEMPATH\CodeIgniter.php(509): CodeIgniter\CodeIgniter->runController(Object(App\Controllers\ExitEmployeeController))
 6 SYSTEMPATH\CodeIgniter.php(355): CodeIgniter\CodeIgniter->handleRequest(null, Object(Config\Cache), false)
 7 SYSTEMPATH\Boot.php(325): CodeIgniter\CodeIgniter->run()
 8 SYSTEMPATH\Boot.php(67): CodeIgniter\Boot::runCodeIgniter(Object(CodeIgniter\CodeIgniter))
 9 FCPATH\index.php(56): CodeIgniter\Boot::bootWeb(Object(Config\Paths))
10 SYSTEMPATH\rewrite.php(44): require_once('C:\\Xampp\\htdocs\\helpdesk\\public\\index.php')
CRITICAL - 2024-12-08 02:50:40 --> CodeIgniter\View\Exceptions\ViewException: Invalid file: "new_employee.php"
[Method: GET, Route: new_employee]
in SYSTEMPATH\Exceptions\FrameworkException.php on line 41.
 1 SYSTEMPATH\View\View.php(222): CodeIgniter\Exceptions\FrameworkException::forInvalidFile('new_employee.php')
 2 SYSTEMPATH\Common.php(1171): CodeIgniter\View\View->render('new_employee', [], true)
 3 APPPATH\Controllers\NewEmployeeController.php(11): view('new_employee')
 4 SYSTEMPATH\CodeIgniter.php(933): App\Controllers\NewEmployeeController->index()
 5 SYSTEMPATH\CodeIgniter.php(509): CodeIgniter\CodeIgniter->runController(Object(App\Controllers\NewEmployeeController))
 6 SYSTEMPATH\CodeIgniter.php(355): CodeIgniter\CodeIgniter->handleRequest(null, Object(Config\Cache), false)
 7 SYSTEMPATH\Boot.php(325): CodeIgniter\CodeIgniter->run()
 8 SYSTEMPATH\Boot.php(67): CodeIgniter\Boot::runCodeIgniter(Object(CodeIgniter\CodeIgniter))
 9 FCPATH\index.php(56): CodeIgniter\Boot::bootWeb(Object(Config\Paths))
10 SYSTEMPATH\rewrite.php(44): require_once('C:\\Xampp\\htdocs\\helpdesk\\public\\index.php')
CRITICAL - 2024-12-08 02:50:40 --> CodeIgniter\View\Exceptions\ViewException: Invalid file: "exit_employee.php"
[Method: GET, Route: exit_employee]
in SYSTEMPATH\Exceptions\FrameworkException.php on line 41.
 1 SYSTEMPATH\View\View.php(222): CodeIgniter\Exceptions\FrameworkException::forInvalidFile('exit_employee.php')
 2 SYSTEMPATH\Common.php(1171): CodeIgniter\View\View->render('exit_employee', [], true)
 3 APPPATH\Controllers\ExitEmployeeController.php(11): view('exit_employee')
 4 SYSTEMPATH\CodeIgniter.php(933): App\Controllers\ExitEmployeeController->index()
 5 SYSTEMPATH\CodeIgniter.php(509): CodeIgniter\CodeIgniter->runController(Object(App\Controllers\ExitEmployeeController))
 6 SYSTEMPATH\CodeIgniter.php(355): CodeIgniter\CodeIgniter->handleRequest(null, Object(Config\Cache), false)
 7 SYSTEMPATH\Boot.php(325): CodeIgniter\CodeIgniter->run()
 8 SYSTEMPATH\Boot.php(67): CodeIgniter\Boot::runCodeIgniter(Object(CodeIgniter\CodeIgniter))
 9 FCPATH\index.php(56): CodeIgniter\Boot::bootWeb(Object(Config\Paths))
10 SYSTEMPATH\rewrite.php(44): require_once('C:\\Xampp\\htdocs\\helpdesk\\public\\index.php')
CRITICAL - 2024-12-08 02:50:41 --> CodeIgniter\View\Exceptions\ViewException: Invalid file: "new_employee.php"
[Method: GET, Route: new_employee]
in SYSTEMPATH\Exceptions\FrameworkException.php on line 41.
 1 SYSTEMPATH\View\View.php(222): CodeIgniter\Exceptions\FrameworkException::forInvalidFile('new_employee.php')
 2 SYSTEMPATH\Common.php(1171): CodeIgniter\View\View->render('new_employee', [], true)
 3 APPPATH\Controllers\NewEmployeeController.php(11): view('new_employee')
 4 SYSTEMPATH\CodeIgniter.php(933): App\Controllers\NewEmployeeController->index()
 5 SYSTEMPATH\CodeIgniter.php(509): CodeIgniter\CodeIgniter->runController(Object(App\Controllers\NewEmployeeController))
 6 SYSTEMPATH\CodeIgniter.php(355): CodeIgniter\CodeIgniter->handleRequest(null, Object(Config\Cache), false)
 7 SYSTEMPATH\Boot.php(325): CodeIgniter\CodeIgniter->run()
 8 SYSTEMPATH\Boot.php(67): CodeIgniter\Boot::runCodeIgniter(Object(CodeIgniter\CodeIgniter))
 9 FCPATH\index.php(56): CodeIgniter\Boot::bootWeb(Object(Config\Paths))
10 SYSTEMPATH\rewrite.php(44): require_once('C:\\Xampp\\htdocs\\helpdesk\\public\\index.php')
CRITICAL - 2024-12-08 02:51:24 --> CodeIgniter\View\Exceptions\ViewException: Invalid file: "new_employee.php"
[Method: GET, Route: new_employee]
in SYSTEMPATH\Exceptions\FrameworkException.php on line 41.
 1 SYSTEMPATH\View\View.php(222): CodeIgniter\Exceptions\FrameworkException::forInvalidFile('new_employee.php')
 2 SYSTEMPATH\Common.php(1171): CodeIgniter\View\View->render('new_employee', [], true)
 3 APPPATH\Controllers\NewEmployeeController.php(11): view('new_employee')
 4 SYSTEMPATH\CodeIgniter.php(933): App\Controllers\NewEmployeeController->index()
 5 SYSTEMPATH\CodeIgniter.php(509): CodeIgniter\CodeIgniter->runController(Object(App\Controllers\NewEmployeeController))
 6 SYSTEMPATH\CodeIgniter.php(355): CodeIgniter\CodeIgniter->handleRequest(null, Object(Config\Cache), false)
 7 SYSTEMPATH\Boot.php(325): CodeIgniter\CodeIgniter->run()
 8 SYSTEMPATH\Boot.php(67): CodeIgniter\Boot::runCodeIgniter(Object(CodeIgniter\CodeIgniter))
 9 FCPATH\index.php(56): CodeIgniter\Boot::bootWeb(Object(Config\Paths))
10 SYSTEMPATH\rewrite.php(44): require_once('C:\\Xampp\\htdocs\\helpdesk\\public\\index.php')
CRITICAL - 2024-12-08 02:51:26 --> CodeIgniter\View\Exceptions\ViewException: Invalid file: "exit_employee.php"
[Method: GET, Route: exit_employee]
in SYSTEMPATH\Exceptions\FrameworkException.php on line 41.
 1 SYSTEMPATH\View\View.php(222): CodeIgniter\Exceptions\FrameworkException::forInvalidFile('exit_employee.php')
 2 SYSTEMPATH\Common.php(1171): CodeIgniter\View\View->render('exit_employee', [], true)
 3 APPPATH\Controllers\ExitEmployeeController.php(11): view('exit_employee')
 4 SYSTEMPATH\CodeIgniter.php(933): App\Controllers\ExitEmployeeController->index()
 5 SYSTEMPATH\CodeIgniter.php(509): CodeIgniter\CodeIgniter->runController(Object(App\Controllers\ExitEmployeeController))
 6 SYSTEMPATH\CodeIgniter.php(355): CodeIgniter\CodeIgniter->handleRequest(null, Object(Config\Cache), false)
 7 SYSTEMPATH\Boot.php(325): CodeIgniter\CodeIgniter->run()
 8 SYSTEMPATH\Boot.php(67): CodeIgniter\Boot::runCodeIgniter(Object(CodeIgniter\CodeIgniter))
 9 FCPATH\index.php(56): CodeIgniter\Boot::bootWeb(Object(Config\Paths))
10 SYSTEMPATH\rewrite.php(44): require_once('C:\\Xampp\\htdocs\\helpdesk\\public\\index.php')
CRITICAL - 2024-12-08 02:51:30 --> CodeIgniter\View\Exceptions\ViewException: Invalid file: "new_employee.php"
[Method: GET, Route: new_employee]
in SYSTEMPATH\Exceptions\FrameworkException.php on line 41.
 1 SYSTEMPATH\View\View.php(222): CodeIgniter\Exceptions\FrameworkException::forInvalidFile('new_employee.php')
 2 SYSTEMPATH\Common.php(1171): CodeIgniter\View\View->render('new_employee', [], true)
 3 APPPATH\Controllers\NewEmployeeController.php(11): view('new_employee')
 4 SYSTEMPATH\CodeIgniter.php(933): App\Controllers\NewEmployeeController->index()
 5 SYSTEMPATH\CodeIgniter.php(509): CodeIgniter\CodeIgniter->runController(Object(App\Controllers\NewEmployeeController))
 6 SYSTEMPATH\CodeIgniter.php(355): CodeIgniter\CodeIgniter->handleRequest(null, Object(Config\Cache), false)
 7 SYSTEMPATH\Boot.php(325): CodeIgniter\CodeIgniter->run()
 8 SYSTEMPATH\Boot.php(67): CodeIgniter\Boot::runCodeIgniter(Object(CodeIgniter\CodeIgniter))
 9 FCPATH\index.php(56): CodeIgniter\Boot::bootWeb(Object(Config\Paths))
10 SYSTEMPATH\rewrite.php(44): require_once('C:\\Xampp\\htdocs\\helpdesk\\public\\index.php')
CRITICAL - 2024-12-08 02:52:58 --> CodeIgniter\View\Exceptions\ViewException: Invalid file: "new_employee.php"
[Method: GET, Route: new_employee]
in SYSTEMPATH\Exceptions\FrameworkException.php on line 41.
 1 SYSTEMPATH\View\View.php(222): CodeIgniter\Exceptions\FrameworkException::forInvalidFile('new_employee.php')
 2 SYSTEMPATH\Common.php(1171): CodeIgniter\View\View->render('new_employee', [], true)
 3 APPPATH\Controllers\NewEmployeeController.php(11): view('new_employee')
 4 SYSTEMPATH\CodeIgniter.php(933): App\Controllers\NewEmployeeController->index()
 5 SYSTEMPATH\CodeIgniter.php(509): CodeIgniter\CodeIgniter->runController(Object(App\Controllers\NewEmployeeController))
 6 SYSTEMPATH\CodeIgniter.php(355): CodeIgniter\CodeIgniter->handleRequest(null, Object(Config\Cache), false)
 7 SYSTEMPATH\Boot.php(325): CodeIgniter\CodeIgniter->run()
 8 SYSTEMPATH\Boot.php(67): CodeIgniter\Boot::runCodeIgniter(Object(CodeIgniter\CodeIgniter))
 9 FCPATH\index.php(56): CodeIgniter\Boot::bootWeb(Object(Config\Paths))
CRITICAL - 2024-12-08 02:53:51 --> CodeIgniter\View\Exceptions\ViewException: Invalid file: "new_employee.php"
[Method: GET, Route: new_employee]
in SYSTEMPATH\Exceptions\FrameworkException.php on line 41.
 1 SYSTEMPATH\View\View.php(222): CodeIgniter\Exceptions\FrameworkException::forInvalidFile('new_employee.php')
 2 SYSTEMPATH\Common.php(1171): CodeIgniter\View\View->render('new_employee', [], true)
 3 APPPATH\Controllers\NewEmployeeController.php(11): view('new_employee')
 4 SYSTEMPATH\CodeIgniter.php(933): App\Controllers\NewEmployeeController->index()
 5 SYSTEMPATH\CodeIgniter.php(509): CodeIgniter\CodeIgniter->runController(Object(App\Controllers\NewEmployeeController))
 6 SYSTEMPATH\CodeIgniter.php(355): CodeIgniter\CodeIgniter->handleRequest(null, Object(Config\Cache), false)
 7 SYSTEMPATH\Boot.php(325): CodeIgniter\CodeIgniter->run()
 8 SYSTEMPATH\Boot.php(67): CodeIgniter\Boot::runCodeIgniter(Object(CodeIgniter\CodeIgniter))
 9 FCPATH\index.php(56): CodeIgniter\Boot::bootWeb(Object(Config\Paths))
CRITICAL - 2024-12-08 02:53:51 --> CodeIgniter\View\Exceptions\ViewException: Invalid file: "new_employee.php"
[Method: GET, Route: new_employee]
in SYSTEMPATH\Exceptions\FrameworkException.php on line 41.
 1 SYSTEMPATH\View\View.php(222): CodeIgniter\Exceptions\FrameworkException::forInvalidFile('new_employee.php')
 2 SYSTEMPATH\Common.php(1171): CodeIgniter\View\View->render('new_employee', [], true)
 3 APPPATH\Controllers\NewEmployeeController.php(11): view('new_employee')
 4 SYSTEMPATH\CodeIgniter.php(933): App\Controllers\NewEmployeeController->index()
 5 SYSTEMPATH\CodeIgniter.php(509): CodeIgniter\CodeIgniter->runController(Object(App\Controllers\NewEmployeeController))
 6 SYSTEMPATH\CodeIgniter.php(355): CodeIgniter\CodeIgniter->handleRequest(null, Object(Config\Cache), false)
 7 SYSTEMPATH\Boot.php(325): CodeIgniter\CodeIgniter->run()
 8 SYSTEMPATH\Boot.php(67): CodeIgniter\Boot::runCodeIgniter(Object(CodeIgniter\CodeIgniter))
 9 FCPATH\index.php(56): CodeIgniter\Boot::bootWeb(Object(Config\Paths))
CRITICAL - 2024-12-08 02:53:52 --> CodeIgniter\View\Exceptions\ViewException: Invalid file: "new_employee.php"
[Method: GET, Route: new_employee]
in SYSTEMPATH\Exceptions\FrameworkException.php on line 41.
 1 SYSTEMPATH\View\View.php(222): CodeIgniter\Exceptions\FrameworkException::forInvalidFile('new_employee.php')
 2 SYSTEMPATH\Common.php(1171): CodeIgniter\View\View->render('new_employee', [], true)
 3 APPPATH\Controllers\NewEmployeeController.php(11): view('new_employee')
 4 SYSTEMPATH\CodeIgniter.php(933): App\Controllers\NewEmployeeController->index()
 5 SYSTEMPATH\CodeIgniter.php(509): CodeIgniter\CodeIgniter->runController(Object(App\Controllers\NewEmployeeController))
 6 SYSTEMPATH\CodeIgniter.php(355): CodeIgniter\CodeIgniter->handleRequest(null, Object(Config\Cache), false)
 7 SYSTEMPATH\Boot.php(325): CodeIgniter\CodeIgniter->run()
 8 SYSTEMPATH\Boot.php(67): CodeIgniter\Boot::runCodeIgniter(Object(CodeIgniter\CodeIgniter))
 9 FCPATH\index.php(56): CodeIgniter\Boot::bootWeb(Object(Config\Paths))
10 SYSTEMPATH\rewrite.php(44): require_once('C:\\Xampp\\htdocs\\helpdesk\\public\\index.php')
CRITICAL - 2024-12-08 02:54:07 --> CodeIgniter\View\Exceptions\ViewException: Invalid file: "new_employee.php"
[Method: GET, Route: new_employee]
in SYSTEMPATH\Exceptions\FrameworkException.php on line 41.
 1 SYSTEMPATH\View\View.php(222): CodeIgniter\Exceptions\FrameworkException::forInvalidFile('new_employee.php')
 2 SYSTEMPATH\Common.php(1171): CodeIgniter\View\View->render('new_employee', [], true)
 3 APPPATH\Controllers\NewEmployeeController.php(11): view('new_employee')
 4 SYSTEMPATH\CodeIgniter.php(933): App\Controllers\NewEmployeeController->index()
 5 SYSTEMPATH\CodeIgniter.php(509): CodeIgniter\CodeIgniter->runController(Object(App\Controllers\NewEmployeeController))
 6 SYSTEMPATH\CodeIgniter.php(355): CodeIgniter\CodeIgniter->handleRequest(null, Object(Config\Cache), false)
 7 SYSTEMPATH\Boot.php(325): CodeIgniter\CodeIgniter->run()
 8 SYSTEMPATH\Boot.php(67): CodeIgniter\Boot::runCodeIgniter(Object(CodeIgniter\CodeIgniter))
 9 FCPATH\index.php(56): CodeIgniter\Boot::bootWeb(Object(Config\Paths))
10 SYSTEMPATH\rewrite.php(44): require_once('C:\\Xampp\\htdocs\\helpdesk\\public\\index.php')
CRITICAL - 2024-12-08 02:54:08 --> CodeIgniter\View\Exceptions\ViewException: Invalid file: "exit_employee.php"
[Method: GET, Route: exit_employee]
in SYSTEMPATH\Exceptions\FrameworkException.php on line 41.
 1 SYSTEMPATH\View\View.php(222): CodeIgniter\Exceptions\FrameworkException::forInvalidFile('exit_employee.php')
 2 SYSTEMPATH\Common.php(1171): CodeIgniter\View\View->render('exit_employee', [], true)
 3 APPPATH\Controllers\ExitEmployeeController.php(11): view('exit_employee')
 4 SYSTEMPATH\CodeIgniter.php(933): App\Controllers\ExitEmployeeController->index()
 5 SYSTEMPATH\CodeIgniter.php(509): CodeIgniter\CodeIgniter->runController(Object(App\Controllers\ExitEmployeeController))
 6 SYSTEMPATH\CodeIgniter.php(355): CodeIgniter\CodeIgniter->handleRequest(null, Object(Config\Cache), false)
 7 SYSTEMPATH\Boot.php(325): CodeIgniter\CodeIgniter->run()
 8 SYSTEMPATH\Boot.php(67): CodeIgniter\Boot::runCodeIgniter(Object(CodeIgniter\CodeIgniter))
 9 FCPATH\index.php(56): CodeIgniter\Boot::bootWeb(Object(Config\Paths))
10 SYSTEMPATH\rewrite.php(44): require_once('C:\\Xampp\\htdocs\\helpdesk\\public\\index.php')
CRITICAL - 2024-12-08 02:55:17 --> ErrorException: Undefined variable $employees
[Method: GET, Route: dashboard/exit_employee]
in APPPATH\Views\dashboard\exit_employee.php on line 25.
 1 APPPATH\Views\dashboard\exit_employee.php(25): CodeIgniter\Debug\Exceptions->errorHandler(2, 'Undefined variable $employees', 'C:\\Xampp\\htdocs\\helpdesk\\app\\Views\\dashboard\\exit_employee.php', 25)
 2 SYSTEMPATH\View\View.php(234): include('C:\\Xampp\\htdocs\\helpdesk\\app\\Views\\dashboard\\exit_employee.php')
 3 SYSTEMPATH\View\View.php(237): CodeIgniter\View\View->CodeIgniter\View\{closure}()
 4 SYSTEMPATH\Common.php(1171): CodeIgniter\View\View->render('dashboard/exit_employee', [], true)
 5 APPPATH\Controllers\DashboardController.php(58): view('dashboard/exit_employee')
 6 SYSTEMPATH\CodeIgniter.php(933): App\Controllers\DashboardController->view('exit_employee')
 7 SYSTEMPATH\CodeIgniter.php(509): CodeIgniter\CodeIgniter->runController(Object(App\Controllers\DashboardController))
 8 SYSTEMPATH\CodeIgniter.php(355): CodeIgniter\CodeIgniter->handleRequest(null, Object(Config\Cache), false)
 9 SYSTEMPATH\Boot.php(325): CodeIgniter\CodeIgniter->run()
10 SYSTEMPATH\Boot.php(67): CodeIgniter\Boot::runCodeIgniter(Object(CodeIgniter\CodeIgniter))
11 FCPATH\index.php(56): CodeIgniter\Boot::bootWeb(Object(Config\Paths))
12 SYSTEMPATH\rewrite.php(44): require_once('C:\\Xampp\\htdocs\\helpdesk\\public\\index.php')
CRITICAL - 2024-12-08 02:55:46 --> ErrorException: Undefined variable $employees
[Method: GET, Route: dashboard/exit_employee]
in APPPATH\Views\dashboard\exit_employee.php on line 25.
 1 APPPATH\Views\dashboard\exit_employee.php(25): CodeIgniter\Debug\Exceptions->errorHandler(2, 'Undefined variable $employees', 'C:\\Xampp\\htdocs\\helpdesk\\app\\Views\\dashboard\\exit_employee.php', 25)
 2 SYSTEMPATH\View\View.php(234): include('C:\\Xampp\\htdocs\\helpdesk\\app\\Views\\dashboard\\exit_employee.php')
 3 SYSTEMPATH\View\View.php(237): CodeIgniter\View\View->CodeIgniter\View\{closure}()
 4 SYSTEMPATH\Common.php(1171): CodeIgniter\View\View->render('dashboard/exit_employee', [], true)
 5 APPPATH\Controllers\DashboardController.php(58): view('dashboard/exit_employee')
 6 SYSTEMPATH\CodeIgniter.php(933): App\Controllers\DashboardController->view('exit_employee')
 7 SYSTEMPATH\CodeIgniter.php(509): CodeIgniter\CodeIgniter->runController(Object(App\Controllers\DashboardController))
 8 SYSTEMPATH\CodeIgniter.php(355): CodeIgniter\CodeIgniter->handleRequest(null, Object(Config\Cache), false)
 9 SYSTEMPATH\Boot.php(325): CodeIgniter\CodeIgniter->run()
10 SYSTEMPATH\Boot.php(67): CodeIgniter\Boot::runCodeIgniter(Object(CodeIgniter\CodeIgniter))
11 FCPATH\index.php(56): CodeIgniter\Boot::bootWeb(Object(Config\Paths))
12 SYSTEMPATH\rewrite.php(44): require_once('C:\\Xampp\\htdocs\\helpdesk\\public\\index.php')
CRITICAL - 2024-12-08 03:03:40 --> ErrorException: Undefined variable $employees
[Method: GET, Route: dashboard/exit_employee]
in APPPATH\Views\dashboard\exit_employee.php on line 25.
 1 APPPATH\Views\dashboard\exit_employee.php(25): CodeIgniter\Debug\Exceptions->errorHandler(2, 'Undefined variable $employees', 'C:\\Xampp\\htdocs\\helpdesk\\app\\Views\\dashboard\\exit_employee.php', 25)
 2 SYSTEMPATH\View\View.php(234): include('C:\\Xampp\\htdocs\\helpdesk\\app\\Views\\dashboard\\exit_employee.php')
 3 SYSTEMPATH\View\View.php(237): CodeIgniter\View\View->CodeIgniter\View\{closure}()
 4 SYSTEMPATH\Common.php(1171): CodeIgniter\View\View->render('dashboard/exit_employee', [], true)
 5 APPPATH\Controllers\DashboardController.php(58): view('dashboard/exit_employee')
 6 SYSTEMPATH\CodeIgniter.php(933): App\Controllers\DashboardController->view('exit_employee')
 7 SYSTEMPATH\CodeIgniter.php(509): CodeIgniter\CodeIgniter->runController(Object(App\Controllers\DashboardController))
 8 SYSTEMPATH\CodeIgniter.php(355): CodeIgniter\CodeIgniter->handleRequest(null, Object(Config\Cache), false)
 9 SYSTEMPATH\Boot.php(325): CodeIgniter\CodeIgniter->run()
10 SYSTEMPATH\Boot.php(67): CodeIgniter\Boot::runCodeIgniter(Object(CodeIgniter\CodeIgniter))
11 FCPATH\index.php(56): CodeIgniter\Boot::bootWeb(Object(Config\Paths))
12 SYSTEMPATH\rewrite.php(44): require_once('C:\\Xampp\\htdocs\\helpdesk\\public\\index.php')
CRITICAL - 2024-12-08 03:03:42 --> ErrorException: Undefined variable $employees
[Method: GET, Route: dashboard/exit_employee]
in APPPATH\Views\dashboard\exit_employee.php on line 25.
 1 APPPATH\Views\dashboard\exit_employee.php(25): CodeIgniter\Debug\Exceptions->errorHandler(2, 'Undefined variable $employees', 'C:\\Xampp\\htdocs\\helpdesk\\app\\Views\\dashboard\\exit_employee.php', 25)
 2 SYSTEMPATH\View\View.php(234): include('C:\\Xampp\\htdocs\\helpdesk\\app\\Views\\dashboard\\exit_employee.php')
 3 SYSTEMPATH\View\View.php(237): CodeIgniter\View\View->CodeIgniter\View\{closure}()
 4 SYSTEMPATH\Common.php(1171): CodeIgniter\View\View->render('dashboard/exit_employee', [], true)
 5 APPPATH\Controllers\DashboardController.php(58): view('dashboard/exit_employee')
 6 SYSTEMPATH\CodeIgniter.php(933): App\Controllers\DashboardController->view('exit_employee')
 7 SYSTEMPATH\CodeIgniter.php(509): CodeIgniter\CodeIgniter->runController(Object(App\Controllers\DashboardController))
 8 SYSTEMPATH\CodeIgniter.php(355): CodeIgniter\CodeIgniter->handleRequest(null, Object(Config\Cache), false)
 9 SYSTEMPATH\Boot.php(325): CodeIgniter\CodeIgniter->run()
10 SYSTEMPATH\Boot.php(67): CodeIgniter\Boot::runCodeIgniter(Object(CodeIgniter\CodeIgniter))
11 FCPATH\index.php(56): CodeIgniter\Boot::bootWeb(Object(Config\Paths))
12 SYSTEMPATH\rewrite.php(44): require_once('C:\\Xampp\\htdocs\\helpdesk\\public\\index.php')
CRITICAL - 2024-12-08 03:03:43 --> ErrorException: Undefined variable $employees
[Method: GET, Route: dashboard/exit_employee]
in APPPATH\Views\dashboard\exit_employee.php on line 25.
 1 APPPATH\Views\dashboard\exit_employee.php(25): CodeIgniter\Debug\Exceptions->errorHandler(2, 'Undefined variable $employees', 'C:\\Xampp\\htdocs\\helpdesk\\app\\Views\\dashboard\\exit_employee.php', 25)
 2 SYSTEMPATH\View\View.php(234): include('C:\\Xampp\\htdocs\\helpdesk\\app\\Views\\dashboard\\exit_employee.php')
 3 SYSTEMPATH\View\View.php(237): CodeIgniter\View\View->CodeIgniter\View\{closure}()
 4 SYSTEMPATH\Common.php(1171): CodeIgniter\View\View->render('dashboard/exit_employee', [], true)
 5 APPPATH\Controllers\DashboardController.php(58): view('dashboard/exit_employee')
 6 SYSTEMPATH\CodeIgniter.php(933): App\Controllers\DashboardController->view('exit_employee')
 7 SYSTEMPATH\CodeIgniter.php(509): CodeIgniter\CodeIgniter->runController(Object(App\Controllers\DashboardController))
 8 SYSTEMPATH\CodeIgniter.php(355): CodeIgniter\CodeIgniter->handleRequest(null, Object(Config\Cache), false)
 9 SYSTEMPATH\Boot.php(325): CodeIgniter\CodeIgniter->run()
10 SYSTEMPATH\Boot.php(67): CodeIgniter\Boot::runCodeIgniter(Object(CodeIgniter\CodeIgniter))
11 FCPATH\index.php(56): CodeIgniter\Boot::bootWeb(Object(Config\Paths))
12 SYSTEMPATH\rewrite.php(44): require_once('C:\\Xampp\\htdocs\\helpdesk\\public\\index.php')
CRITICAL - 2024-12-08 03:03:44 --> ErrorException: Undefined variable $employees
[Method: GET, Route: dashboard/exit_employee]
in APPPATH\Views\dashboard\exit_employee.php on line 25.
 1 APPPATH\Views\dashboard\exit_employee.php(25): CodeIgniter\Debug\Exceptions->errorHandler(2, 'Undefined variable $employees', 'C:\\Xampp\\htdocs\\helpdesk\\app\\Views\\dashboard\\exit_employee.php', 25)
 2 SYSTEMPATH\View\View.php(234): include('C:\\Xampp\\htdocs\\helpdesk\\app\\Views\\dashboard\\exit_employee.php')
 3 SYSTEMPATH\View\View.php(237): CodeIgniter\View\View->CodeIgniter\View\{closure}()
 4 SYSTEMPATH\Common.php(1171): CodeIgniter\View\View->render('dashboard/exit_employee', [], true)
 5 APPPATH\Controllers\DashboardController.php(58): view('dashboard/exit_employee')
 6 SYSTEMPATH\CodeIgniter.php(933): App\Controllers\DashboardController->view('exit_employee')
 7 SYSTEMPATH\CodeIgniter.php(509): CodeIgniter\CodeIgniter->runController(Object(App\Controllers\DashboardController))
 8 SYSTEMPATH\CodeIgniter.php(355): CodeIgniter\CodeIgniter->handleRequest(null, Object(Config\Cache), false)
 9 SYSTEMPATH\Boot.php(325): CodeIgniter\CodeIgniter->run()
10 SYSTEMPATH\Boot.php(67): CodeIgniter\Boot::runCodeIgniter(Object(CodeIgniter\CodeIgniter))
11 FCPATH\index.php(56): CodeIgniter\Boot::bootWeb(Object(Config\Paths))
12 SYSTEMPATH\rewrite.php(44): require_once('C:\\Xampp\\htdocs\\helpdesk\\public\\index.php')
CRITICAL - 2024-12-08 03:03:44 --> ErrorException: Undefined variable $employees
[Method: GET, Route: dashboard/exit_employee]
in APPPATH\Views\dashboard\exit_employee.php on line 25.
 1 APPPATH\Views\dashboard\exit_employee.php(25): CodeIgniter\Debug\Exceptions->errorHandler(2, 'Undefined variable $employees', 'C:\\Xampp\\htdocs\\helpdesk\\app\\Views\\dashboard\\exit_employee.php', 25)
 2 SYSTEMPATH\View\View.php(234): include('C:\\Xampp\\htdocs\\helpdesk\\app\\Views\\dashboard\\exit_employee.php')
 3 SYSTEMPATH\View\View.php(237): CodeIgniter\View\View->CodeIgniter\View\{closure}()
 4 SYSTEMPATH\Common.php(1171): CodeIgniter\View\View->render('dashboard/exit_employee', [], true)
 5 APPPATH\Controllers\DashboardController.php(58): view('dashboard/exit_employee')
 6 SYSTEMPATH\CodeIgniter.php(933): App\Controllers\DashboardController->view('exit_employee')
 7 SYSTEMPATH\CodeIgniter.php(509): CodeIgniter\CodeIgniter->runController(Object(App\Controllers\DashboardController))
 8 SYSTEMPATH\CodeIgniter.php(355): CodeIgniter\CodeIgniter->handleRequest(null, Object(Config\Cache), false)
 9 SYSTEMPATH\Boot.php(325): CodeIgniter\CodeIgniter->run()
10 SYSTEMPATH\Boot.php(67): CodeIgniter\Boot::runCodeIgniter(Object(CodeIgniter\CodeIgniter))
11 FCPATH\index.php(56): CodeIgniter\Boot::bootWeb(Object(Config\Paths))
12 SYSTEMPATH\rewrite.php(44): require_once('C:\\Xampp\\htdocs\\helpdesk\\public\\index.php')
CRITICAL - 2024-12-08 03:03:44 --> ErrorException: Undefined variable $employees
[Method: GET, Route: dashboard/exit_employee]
in APPPATH\Views\dashboard\exit_employee.php on line 25.
 1 APPPATH\Views\dashboard\exit_employee.php(25): CodeIgniter\Debug\Exceptions->errorHandler(2, 'Undefined variable $employees', 'C:\\Xampp\\htdocs\\helpdesk\\app\\Views\\dashboard\\exit_employee.php', 25)
 2 SYSTEMPATH\View\View.php(234): include('C:\\Xampp\\htdocs\\helpdesk\\app\\Views\\dashboard\\exit_employee.php')
 3 SYSTEMPATH\View\View.php(237): CodeIgniter\View\View->CodeIgniter\View\{closure}()
 4 SYSTEMPATH\Common.php(1171): CodeIgniter\View\View->render('dashboard/exit_employee', [], true)
 5 APPPATH\Controllers\DashboardController.php(58): view('dashboard/exit_employee')
 6 SYSTEMPATH\CodeIgniter.php(933): App\Controllers\DashboardController->view('exit_employee')
 7 SYSTEMPATH\CodeIgniter.php(509): CodeIgniter\CodeIgniter->runController(Object(App\Controllers\DashboardController))
 8 SYSTEMPATH\CodeIgniter.php(355): CodeIgniter\CodeIgniter->handleRequest(null, Object(Config\Cache), false)
 9 SYSTEMPATH\Boot.php(325): CodeIgniter\CodeIgniter->run()
10 SYSTEMPATH\Boot.php(67): CodeIgniter\Boot::runCodeIgniter(Object(CodeIgniter\CodeIgniter))
11 FCPATH\index.php(56): CodeIgniter\Boot::bootWeb(Object(Config\Paths))
12 SYSTEMPATH\rewrite.php(44): require_once('C:\\Xampp\\htdocs\\helpdesk\\public\\index.php')
CRITICAL - 2024-12-08 03:03:44 --> ErrorException: Undefined variable $employees
[Method: GET, Route: dashboard/exit_employee]
in APPPATH\Views\dashboard\exit_employee.php on line 25.
 1 APPPATH\Views\dashboard\exit_employee.php(25): CodeIgniter\Debug\Exceptions->errorHandler(2, 'Undefined variable $employees', 'C:\\Xampp\\htdocs\\helpdesk\\app\\Views\\dashboard\\exit_employee.php', 25)
 2 SYSTEMPATH\View\View.php(234): include('C:\\Xampp\\htdocs\\helpdesk\\app\\Views\\dashboard\\exit_employee.php')
 3 SYSTEMPATH\View\View.php(237): CodeIgniter\View\View->CodeIgniter\View\{closure}()
 4 SYSTEMPATH\Common.php(1171): CodeIgniter\View\View->render('dashboard/exit_employee', [], true)
 5 APPPATH\Controllers\DashboardController.php(58): view('dashboard/exit_employee')
 6 SYSTEMPATH\CodeIgniter.php(933): App\Controllers\DashboardController->view('exit_employee')
 7 SYSTEMPATH\CodeIgniter.php(509): CodeIgniter\CodeIgniter->runController(Object(App\Controllers\DashboardController))
 8 SYSTEMPATH\CodeIgniter.php(355): CodeIgniter\CodeIgniter->handleRequest(null, Object(Config\Cache), false)
 9 SYSTEMPATH\Boot.php(325): CodeIgniter\CodeIgniter->run()
10 SYSTEMPATH\Boot.php(67): CodeIgniter\Boot::runCodeIgniter(Object(CodeIgniter\CodeIgniter))
11 FCPATH\index.php(56): CodeIgniter\Boot::bootWeb(Object(Config\Paths))
12 SYSTEMPATH\rewrite.php(44): require_once('C:\\Xampp\\htdocs\\helpdesk\\public\\index.php')
CRITICAL - 2024-12-08 03:03:44 --> ErrorException: Undefined variable $employees
[Method: GET, Route: dashboard/exit_employee]
in APPPATH\Views\dashboard\exit_employee.php on line 25.
 1 APPPATH\Views\dashboard\exit_employee.php(25): CodeIgniter\Debug\Exceptions->errorHandler(2, 'Undefined variable $employees', 'C:\\Xampp\\htdocs\\helpdesk\\app\\Views\\dashboard\\exit_employee.php', 25)
 2 SYSTEMPATH\View\View.php(234): include('C:\\Xampp\\htdocs\\helpdesk\\app\\Views\\dashboard\\exit_employee.php')
 3 SYSTEMPATH\View\View.php(237): CodeIgniter\View\View->CodeIgniter\View\{closure}()
 4 SYSTEMPATH\Common.php(1171): CodeIgniter\View\View->render('dashboard/exit_employee', [], true)
 5 APPPATH\Controllers\DashboardController.php(58): view('dashboard/exit_employee')
 6 SYSTEMPATH\CodeIgniter.php(933): App\Controllers\DashboardController->view('exit_employee')
 7 SYSTEMPATH\CodeIgniter.php(509): CodeIgniter\CodeIgniter->runController(Object(App\Controllers\DashboardController))
 8 SYSTEMPATH\CodeIgniter.php(355): CodeIgniter\CodeIgniter->handleRequest(null, Object(Config\Cache), false)
 9 SYSTEMPATH\Boot.php(325): CodeIgniter\CodeIgniter->run()
10 SYSTEMPATH\Boot.php(67): CodeIgniter\Boot::runCodeIgniter(Object(CodeIgniter\CodeIgniter))
11 FCPATH\index.php(56): CodeIgniter\Boot::bootWeb(Object(Config\Paths))
12 SYSTEMPATH\rewrite.php(44): require_once('C:\\Xampp\\htdocs\\helpdesk\\public\\index.php')
CRITICAL - 2024-12-08 03:04:55 --> CodeIgniter\View\Exceptions\ViewException: Invalid file: "new_employee.php"
[Method: GET, Route: new_employee]
in SYSTEMPATH\Exceptions\FrameworkException.php on line 41.
 1 SYSTEMPATH\View\View.php(222): CodeIgniter\Exceptions\FrameworkException::forInvalidFile('new_employee.php')
 2 SYSTEMPATH\Common.php(1171): CodeIgniter\View\View->render('new_employee', [], true)
 3 APPPATH\Controllers\NewEmployeeController.php(11): view('new_employee')
 4 SYSTEMPATH\CodeIgniter.php(933): App\Controllers\NewEmployeeController->index()
 5 SYSTEMPATH\CodeIgniter.php(509): CodeIgniter\CodeIgniter->runController(Object(App\Controllers\NewEmployeeController))
 6 SYSTEMPATH\CodeIgniter.php(355): CodeIgniter\CodeIgniter->handleRequest(null, Object(Config\Cache), false)
 7 SYSTEMPATH\Boot.php(325): CodeIgniter\CodeIgniter->run()
 8 SYSTEMPATH\Boot.php(67): CodeIgniter\Boot::runCodeIgniter(Object(CodeIgniter\CodeIgniter))
 9 FCPATH\index.php(56): CodeIgniter\Boot::bootWeb(Object(Config\Paths))
10 SYSTEMPATH\rewrite.php(44): require_once('C:\\Xampp\\htdocs\\helpdesk\\public\\index.php')
CRITICAL - 2024-12-08 03:04:56 --> CodeIgniter\View\Exceptions\ViewException: Invalid file: "exit_employee.php"
[Method: GET, Route: exit_employee]
in SYSTEMPATH\Exceptions\FrameworkException.php on line 41.
 1 SYSTEMPATH\View\View.php(222): CodeIgniter\Exceptions\FrameworkException::forInvalidFile('exit_employee.php')
 2 SYSTEMPATH\Common.php(1171): CodeIgniter\View\View->render('exit_employee', [], true)
 3 APPPATH\Controllers\ExitEmployeeController.php(9): view('exit_employee')
 4 SYSTEMPATH\CodeIgniter.php(933): App\Controllers\ExitEmployeeController->index()
 5 SYSTEMPATH\CodeIgniter.php(509): CodeIgniter\CodeIgniter->runController(Object(App\Controllers\ExitEmployeeController))
 6 SYSTEMPATH\CodeIgniter.php(355): CodeIgniter\CodeIgniter->handleRequest(null, Object(Config\Cache), false)
 7 SYSTEMPATH\Boot.php(325): CodeIgniter\CodeIgniter->run()
 8 SYSTEMPATH\Boot.php(67): CodeIgniter\Boot::runCodeIgniter(Object(CodeIgniter\CodeIgniter))
 9 FCPATH\index.php(56): CodeIgniter\Boot::bootWeb(Object(Config\Paths))
10 SYSTEMPATH\rewrite.php(44): require_once('C:\\Xampp\\htdocs\\helpdesk\\public\\index.php')
CRITICAL - 2024-12-08 03:05:06 --> CodeIgniter\View\Exceptions\ViewException: Invalid file: "new_employee.php"
[Method: GET, Route: new_employee]
in SYSTEMPATH\Exceptions\FrameworkException.php on line 41.
 1 SYSTEMPATH\View\View.php(222): CodeIgniter\Exceptions\FrameworkException::forInvalidFile('new_employee.php')
 2 SYSTEMPATH\Common.php(1171): CodeIgniter\View\View->render('new_employee', [], true)
 3 APPPATH\Controllers\NewEmployeeController.php(11): view('new_employee')
 4 SYSTEMPATH\CodeIgniter.php(933): App\Controllers\NewEmployeeController->index()
 5 SYSTEMPATH\CodeIgniter.php(509): CodeIgniter\CodeIgniter->runController(Object(App\Controllers\NewEmployeeController))
 6 SYSTEMPATH\CodeIgniter.php(355): CodeIgniter\CodeIgniter->handleRequest(null, Object(Config\Cache), false)
 7 SYSTEMPATH\Boot.php(325): CodeIgniter\CodeIgniter->run()
 8 SYSTEMPATH\Boot.php(67): CodeIgniter\Boot::runCodeIgniter(Object(CodeIgniter\CodeIgniter))
 9 FCPATH\index.php(56): CodeIgniter\Boot::bootWeb(Object(Config\Paths))
10 SYSTEMPATH\rewrite.php(44): require_once('C:\\Xampp\\htdocs\\helpdesk\\public\\index.php')
CRITICAL - 2024-12-08 03:05:35 --> CodeIgniter\View\Exceptions\ViewException: Invalid file: "new_employee.php"
[Method: GET, Route: new_employee]
in SYSTEMPATH\Exceptions\FrameworkException.php on line 41.
 1 SYSTEMPATH\View\View.php(222): CodeIgniter\Exceptions\FrameworkException::forInvalidFile('new_employee.php')
 2 SYSTEMPATH\Common.php(1171): CodeIgniter\View\View->render('new_employee', [], true)
 3 APPPATH\Controllers\NewEmployeeController.php(11): view('new_employee')
 4 SYSTEMPATH\CodeIgniter.php(933): App\Controllers\NewEmployeeController->index()
 5 SYSTEMPATH\CodeIgniter.php(509): CodeIgniter\CodeIgniter->runController(Object(App\Controllers\NewEmployeeController))
 6 SYSTEMPATH\CodeIgniter.php(355): CodeIgniter\CodeIgniter->handleRequest(null, Object(Config\Cache), false)
 7 SYSTEMPATH\Boot.php(325): CodeIgniter\CodeIgniter->run()
 8 SYSTEMPATH\Boot.php(67): CodeIgniter\Boot::runCodeIgniter(Object(CodeIgniter\CodeIgniter))
 9 FCPATH\index.php(56): CodeIgniter\Boot::bootWeb(Object(Config\Paths))
10 SYSTEMPATH\rewrite.php(44): require_once('C:\\Xampp\\htdocs\\helpdesk\\public\\index.php')
CRITICAL - 2024-12-08 03:11:23 --> CodeIgniter\View\Exceptions\ViewException: Invalid file: "new_employee.php"
[Method: GET, Route: new_employee]
in SYSTEMPATH\Exceptions\FrameworkException.php on line 41.
 1 SYSTEMPATH\View\View.php(222): CodeIgniter\Exceptions\FrameworkException::forInvalidFile('new_employee.php')
 2 SYSTEMPATH\Common.php(1171): CodeIgniter\View\View->render('new_employee', [], true)
 3 APPPATH\Controllers\NewEmployeeController.php(11): view('new_employee')
 4 SYSTEMPATH\CodeIgniter.php(933): App\Controllers\NewEmployeeController->index()
 5 SYSTEMPATH\CodeIgniter.php(509): CodeIgniter\CodeIgniter->runController(Object(App\Controllers\NewEmployeeController))
 6 SYSTEMPATH\CodeIgniter.php(355): CodeIgniter\CodeIgniter->handleRequest(null, Object(Config\Cache), false)
 7 SYSTEMPATH\Boot.php(325): CodeIgniter\CodeIgniter->run()
 8 SYSTEMPATH\Boot.php(67): CodeIgniter\Boot::runCodeIgniter(Object(CodeIgniter\CodeIgniter))
 9 FCPATH\index.php(56): CodeIgniter\Boot::bootWeb(Object(Config\Paths))
10 SYSTEMPATH\rewrite.php(44): require_once('C:\\Xampp\\htdocs\\helpdesk\\public\\index.php')
CRITICAL - 2024-12-08 03:11:24 --> CodeIgniter\View\Exceptions\ViewException: Invalid file: "new_employee.php"
[Method: GET, Route: new_employee]
in SYSTEMPATH\Exceptions\FrameworkException.php on line 41.
 1 SYSTEMPATH\View\View.php(222): CodeIgniter\Exceptions\FrameworkException::forInvalidFile('new_employee.php')
 2 SYSTEMPATH\Common.php(1171): CodeIgniter\View\View->render('new_employee', [], true)
 3 APPPATH\Controllers\NewEmployeeController.php(11): view('new_employee')
 4 SYSTEMPATH\CodeIgniter.php(933): App\Controllers\NewEmployeeController->index()
 5 SYSTEMPATH\CodeIgniter.php(509): CodeIgniter\CodeIgniter->runController(Object(App\Controllers\NewEmployeeController))
 6 SYSTEMPATH\CodeIgniter.php(355): CodeIgniter\CodeIgniter->handleRequest(null, Object(Config\Cache), false)
 7 SYSTEMPATH\Boot.php(325): CodeIgniter\CodeIgniter->run()
 8 SYSTEMPATH\Boot.php(67): CodeIgniter\Boot::runCodeIgniter(Object(CodeIgniter\CodeIgniter))
 9 FCPATH\index.php(56): CodeIgniter\Boot::bootWeb(Object(Config\Paths))
10 SYSTEMPATH\rewrite.php(44): require_once('C:\\Xampp\\htdocs\\helpdesk\\public\\index.php')
CRITICAL - 2024-12-08 03:11:24 --> CodeIgniter\View\Exceptions\ViewException: Invalid file: "new_employee.php"
[Method: GET, Route: new_employee]
in SYSTEMPATH\Exceptions\FrameworkException.php on line 41.
 1 SYSTEMPATH\View\View.php(222): CodeIgniter\Exceptions\FrameworkException::forInvalidFile('new_employee.php')
 2 SYSTEMPATH\Common.php(1171): CodeIgniter\View\View->render('new_employee', [], true)
 3 APPPATH\Controllers\NewEmployeeController.php(11): view('new_employee')
 4 SYSTEMPATH\CodeIgniter.php(933): App\Controllers\NewEmployeeController->index()
 5 SYSTEMPATH\CodeIgniter.php(509): CodeIgniter\CodeIgniter->runController(Object(App\Controllers\NewEmployeeController))
 6 SYSTEMPATH\CodeIgniter.php(355): CodeIgniter\CodeIgniter->handleRequest(null, Object(Config\Cache), false)
 7 SYSTEMPATH\Boot.php(325): CodeIgniter\CodeIgniter->run()
 8 SYSTEMPATH\Boot.php(67): CodeIgniter\Boot::runCodeIgniter(Object(CodeIgniter\CodeIgniter))
 9 FCPATH\index.php(56): CodeIgniter\Boot::bootWeb(Object(Config\Paths))
10 SYSTEMPATH\rewrite.php(44): require_once('C:\\Xampp\\htdocs\\helpdesk\\public\\index.php')
CRITICAL - 2024-12-08 03:11:25 --> CodeIgniter\View\Exceptions\ViewException: Invalid file: "new_employee.php"
[Method: GET, Route: new_employee]
in SYSTEMPATH\Exceptions\FrameworkException.php on line 41.
 1 SYSTEMPATH\View\View.php(222): CodeIgniter\Exceptions\FrameworkException::forInvalidFile('new_employee.php')
 2 SYSTEMPATH\Common.php(1171): CodeIgniter\View\View->render('new_employee', [], true)
 3 APPPATH\Controllers\NewEmployeeController.php(11): view('new_employee')
 4 SYSTEMPATH\CodeIgniter.php(933): App\Controllers\NewEmployeeController->index()
 5 SYSTEMPATH\CodeIgniter.php(509): CodeIgniter\CodeIgniter->runController(Object(App\Controllers\NewEmployeeController))
 6 SYSTEMPATH\CodeIgniter.php(355): CodeIgniter\CodeIgniter->handleRequest(null, Object(Config\Cache), false)
 7 SYSTEMPATH\Boot.php(325): CodeIgniter\CodeIgniter->run()
 8 SYSTEMPATH\Boot.php(67): CodeIgniter\Boot::runCodeIgniter(Object(CodeIgniter\CodeIgniter))
 9 FCPATH\index.php(56): CodeIgniter\Boot::bootWeb(Object(Config\Paths))
10 SYSTEMPATH\rewrite.php(44): require_once('C:\\Xampp\\htdocs\\helpdesk\\public\\index.php')
CRITICAL - 2024-12-08 03:11:25 --> CodeIgniter\View\Exceptions\ViewException: Invalid file: "new_employee.php"
[Method: GET, Route: new_employee]
in SYSTEMPATH\Exceptions\FrameworkException.php on line 41.
 1 SYSTEMPATH\View\View.php(222): CodeIgniter\Exceptions\FrameworkException::forInvalidFile('new_employee.php')
 2 SYSTEMPATH\Common.php(1171): CodeIgniter\View\View->render('new_employee', [], true)
 3 APPPATH\Controllers\NewEmployeeController.php(11): view('new_employee')
 4 SYSTEMPATH\CodeIgniter.php(933): App\Controllers\NewEmployeeController->index()
 5 SYSTEMPATH\CodeIgniter.php(509): CodeIgniter\CodeIgniter->runController(Object(App\Controllers\NewEmployeeController))
 6 SYSTEMPATH\CodeIgniter.php(355): CodeIgniter\CodeIgniter->handleRequest(null, Object(Config\Cache), false)
 7 SYSTEMPATH\Boot.php(325): CodeIgniter\CodeIgniter->run()
 8 SYSTEMPATH\Boot.php(67): CodeIgniter\Boot::runCodeIgniter(Object(CodeIgniter\CodeIgniter))
 9 FCPATH\index.php(56): CodeIgniter\Boot::bootWeb(Object(Config\Paths))
10 SYSTEMPATH\rewrite.php(44): require_once('C:\\Xampp\\htdocs\\helpdesk\\public\\index.php')
CRITICAL - 2024-12-08 03:11:25 --> CodeIgniter\View\Exceptions\ViewException: Invalid file: "new_employee.php"
[Method: GET, Route: new_employee]
in SYSTEMPATH\Exceptions\FrameworkException.php on line 41.
 1 SYSTEMPATH\View\View.php(222): CodeIgniter\Exceptions\FrameworkException::forInvalidFile('new_employee.php')
 2 SYSTEMPATH\Common.php(1171): CodeIgniter\View\View->render('new_employee', [], true)
 3 APPPATH\Controllers\NewEmployeeController.php(11): view('new_employee')
 4 SYSTEMPATH\CodeIgniter.php(933): App\Controllers\NewEmployeeController->index()
 5 SYSTEMPATH\CodeIgniter.php(509): CodeIgniter\CodeIgniter->runController(Object(App\Controllers\NewEmployeeController))
 6 SYSTEMPATH\CodeIgniter.php(355): CodeIgniter\CodeIgniter->handleRequest(null, Object(Config\Cache), false)
 7 SYSTEMPATH\Boot.php(325): CodeIgniter\CodeIgniter->run()
 8 SYSTEMPATH\Boot.php(67): CodeIgniter\Boot::runCodeIgniter(Object(CodeIgniter\CodeIgniter))
 9 FCPATH\index.php(56): CodeIgniter\Boot::bootWeb(Object(Config\Paths))
10 SYSTEMPATH\rewrite.php(44): require_once('C:\\Xampp\\htdocs\\helpdesk\\public\\index.php')
CRITICAL - 2024-12-08 03:11:25 --> CodeIgniter\View\Exceptions\ViewException: Invalid file: "new_employee.php"
[Method: GET, Route: new_employee]
in SYSTEMPATH\Exceptions\FrameworkException.php on line 41.
 1 SYSTEMPATH\View\View.php(222): CodeIgniter\Exceptions\FrameworkException::forInvalidFile('new_employee.php')
 2 SYSTEMPATH\Common.php(1171): CodeIgniter\View\View->render('new_employee', [], true)
 3 APPPATH\Controllers\NewEmployeeController.php(11): view('new_employee')
 4 SYSTEMPATH\CodeIgniter.php(933): App\Controllers\NewEmployeeController->index()
 5 SYSTEMPATH\CodeIgniter.php(509): CodeIgniter\CodeIgniter->runController(Object(App\Controllers\NewEmployeeController))
 6 SYSTEMPATH\CodeIgniter.php(355): CodeIgniter\CodeIgniter->handleRequest(null, Object(Config\Cache), false)
 7 SYSTEMPATH\Boot.php(325): CodeIgniter\CodeIgniter->run()
 8 SYSTEMPATH\Boot.php(67): CodeIgniter\Boot::runCodeIgniter(Object(CodeIgniter\CodeIgniter))
 9 FCPATH\index.php(56): CodeIgniter\Boot::bootWeb(Object(Config\Paths))
10 SYSTEMPATH\rewrite.php(44): require_once('C:\\Xampp\\htdocs\\helpdesk\\public\\index.php')
CRITICAL - 2024-12-08 03:12:29 --> CodeIgniter\View\Exceptions\ViewException: Invalid file: "new_employee.php"
[Method: GET, Route: new_employee]
in SYSTEMPATH\Exceptions\FrameworkException.php on line 41.
 1 SYSTEMPATH\View\View.php(222): CodeIgniter\Exceptions\FrameworkException::forInvalidFile('new_employee.php')
 2 SYSTEMPATH\Common.php(1171): CodeIgniter\View\View->render('new_employee', [], true)
 3 APPPATH\Controllers\NewEmployeeController.php(11): view('new_employee')
 4 SYSTEMPATH\CodeIgniter.php(933): App\Controllers\NewEmployeeController->index()
 5 SYSTEMPATH\CodeIgniter.php(509): CodeIgniter\CodeIgniter->runController(Object(App\Controllers\NewEmployeeController))
 6 SYSTEMPATH\CodeIgniter.php(355): CodeIgniter\CodeIgniter->handleRequest(null, Object(Config\Cache), false)
 7 SYSTEMPATH\Boot.php(325): CodeIgniter\CodeIgniter->run()
 8 SYSTEMPATH\Boot.php(67): CodeIgniter\Boot::runCodeIgniter(Object(CodeIgniter\CodeIgniter))
 9 FCPATH\index.php(56): CodeIgniter\Boot::bootWeb(Object(Config\Paths))
10 SYSTEMPATH\rewrite.php(44): require_once('C:\\Xampp\\htdocs\\helpdesk\\public\\index.php')
CRITICAL - 2024-12-08 03:12:43 --> CodeIgniter\View\Exceptions\ViewException: Invalid file: "new_employee.php"
[Method: GET, Route: new_employee]
in SYSTEMPATH\Exceptions\FrameworkException.php on line 41.
 1 SYSTEMPATH\View\View.php(222): CodeIgniter\Exceptions\FrameworkException::forInvalidFile('new_employee.php')
 2 SYSTEMPATH\Common.php(1171): CodeIgniter\View\View->render('new_employee', [], true)
 3 APPPATH\Controllers\NewEmployeeController.php(11): view('new_employee')
 4 SYSTEMPATH\CodeIgniter.php(933): App\Controllers\NewEmployeeController->index()
 5 SYSTEMPATH\CodeIgniter.php(509): CodeIgniter\CodeIgniter->runController(Object(App\Controllers\NewEmployeeController))
 6 SYSTEMPATH\CodeIgniter.php(355): CodeIgniter\CodeIgniter->handleRequest(null, Object(Config\Cache), false)
 7 SYSTEMPATH\Boot.php(325): CodeIgniter\CodeIgniter->run()
 8 SYSTEMPATH\Boot.php(67): CodeIgniter\Boot::runCodeIgniter(Object(CodeIgniter\CodeIgniter))
 9 FCPATH\index.php(56): CodeIgniter\Boot::bootWeb(Object(Config\Paths))
10 SYSTEMPATH\rewrite.php(44): require_once('C:\\Xampp\\htdocs\\helpdesk\\public\\index.php')
CRITICAL - 2024-12-08 03:12:50 --> CodeIgniter\View\Exceptions\ViewException: Invalid file: "new_employee.php"
[Method: GET, Route: new_employee]
in SYSTEMPATH\Exceptions\FrameworkException.php on line 41.
 1 SYSTEMPATH\View\View.php(222): CodeIgniter\Exceptions\FrameworkException::forInvalidFile('new_employee.php')
 2 SYSTEMPATH\Common.php(1171): CodeIgniter\View\View->render('new_employee', [], true)
 3 APPPATH\Controllers\NewEmployeeController.php(11): view('new_employee')
 4 SYSTEMPATH\CodeIgniter.php(933): App\Controllers\NewEmployeeController->index()
 5 SYSTEMPATH\CodeIgniter.php(509): CodeIgniter\CodeIgniter->runController(Object(App\Controllers\NewEmployeeController))
 6 SYSTEMPATH\CodeIgniter.php(355): CodeIgniter\CodeIgniter->handleRequest(null, Object(Config\Cache), false)
 7 SYSTEMPATH\Boot.php(325): CodeIgniter\CodeIgniter->run()
 8 SYSTEMPATH\Boot.php(67): CodeIgniter\Boot::runCodeIgniter(Object(CodeIgniter\CodeIgniter))
 9 FCPATH\index.php(56): CodeIgniter\Boot::bootWeb(Object(Config\Paths))
10 SYSTEMPATH\rewrite.php(44): require_once('C:\\Xampp\\htdocs\\helpdesk\\public\\index.php')
CRITICAL - 2024-12-08 03:12:53 --> CodeIgniter\View\Exceptions\ViewException: Invalid file: "exit_employee.php"
[Method: GET, Route: exit_employee]
in SYSTEMPATH\Exceptions\FrameworkException.php on line 41.
 1 SYSTEMPATH\View\View.php(222): CodeIgniter\Exceptions\FrameworkException::forInvalidFile('exit_employee.php')
 2 SYSTEMPATH\Common.php(1171): CodeIgniter\View\View->render('exit_employee', [], true)
 3 APPPATH\Controllers\ExitEmployeeController.php(9): view('exit_employee')
 4 SYSTEMPATH\CodeIgniter.php(933): App\Controllers\ExitEmployeeController->index()
 5 SYSTEMPATH\CodeIgniter.php(509): CodeIgniter\CodeIgniter->runController(Object(App\Controllers\ExitEmployeeController))
 6 SYSTEMPATH\CodeIgniter.php(355): CodeIgniter\CodeIgniter->handleRequest(null, Object(Config\Cache), false)
 7 SYSTEMPATH\Boot.php(325): CodeIgniter\CodeIgniter->run()
 8 SYSTEMPATH\Boot.php(67): CodeIgniter\Boot::runCodeIgniter(Object(CodeIgniter\CodeIgniter))
 9 FCPATH\index.php(56): CodeIgniter\Boot::bootWeb(Object(Config\Paths))
10 SYSTEMPATH\rewrite.php(44): require_once('C:\\Xampp\\htdocs\\helpdesk\\public\\index.php')
CRITICAL - 2024-12-08 03:12:54 --> CodeIgniter\View\Exceptions\ViewException: Invalid file: "new_employee.php"
[Method: GET, Route: new_employee]
in SYSTEMPATH\Exceptions\FrameworkException.php on line 41.
 1 SYSTEMPATH\View\View.php(222): CodeIgniter\Exceptions\FrameworkException::forInvalidFile('new_employee.php')
 2 SYSTEMPATH\Common.php(1171): CodeIgniter\View\View->render('new_employee', [], true)
 3 APPPATH\Controllers\NewEmployeeController.php(11): view('new_employee')
 4 SYSTEMPATH\CodeIgniter.php(933): App\Controllers\NewEmployeeController->index()
 5 SYSTEMPATH\CodeIgniter.php(509): CodeIgniter\CodeIgniter->runController(Object(App\Controllers\NewEmployeeController))
 6 SYSTEMPATH\CodeIgniter.php(355): CodeIgniter\CodeIgniter->handleRequest(null, Object(Config\Cache), false)
 7 SYSTEMPATH\Boot.php(325): CodeIgniter\CodeIgniter->run()
 8 SYSTEMPATH\Boot.php(67): CodeIgniter\Boot::runCodeIgniter(Object(CodeIgniter\CodeIgniter))
 9 FCPATH\index.php(56): CodeIgniter\Boot::bootWeb(Object(Config\Paths))
10 SYSTEMPATH\rewrite.php(44): require_once('C:\\Xampp\\htdocs\\helpdesk\\public\\index.php')
CRITICAL - 2024-12-08 03:13:09 --> CodeIgniter\View\Exceptions\ViewException: Invalid file: "new_employee.php"
[Method: GET, Route: new_employee]
in SYSTEMPATH\Exceptions\FrameworkException.php on line 41.
 1 SYSTEMPATH\View\View.php(222): CodeIgniter\Exceptions\FrameworkException::forInvalidFile('new_employee.php')
 2 SYSTEMPATH\Common.php(1171): CodeIgniter\View\View->render('new_employee', [], true)
 3 APPPATH\Controllers\NewEmployeeController.php(11): view('new_employee')
 4 SYSTEMPATH\CodeIgniter.php(933): App\Controllers\NewEmployeeController->index()
 5 SYSTEMPATH\CodeIgniter.php(509): CodeIgniter\CodeIgniter->runController(Object(App\Controllers\NewEmployeeController))
 6 SYSTEMPATH\CodeIgniter.php(355): CodeIgniter\CodeIgniter->handleRequest(null, Object(Config\Cache), false)
 7 SYSTEMPATH\Boot.php(325): CodeIgniter\CodeIgniter->run()
 8 SYSTEMPATH\Boot.php(67): CodeIgniter\Boot::runCodeIgniter(Object(CodeIgniter\CodeIgniter))
 9 FCPATH\index.php(56): CodeIgniter\Boot::bootWeb(Object(Config\Paths))
10 SYSTEMPATH\rewrite.php(44): require_once('C:\\Xampp\\htdocs\\helpdesk\\public\\index.php')
CRITICAL - 2024-12-08 03:13:11 --> CodeIgniter\View\Exceptions\ViewException: Invalid file: "exit_employee.php"
[Method: GET, Route: exit_employee]
in SYSTEMPATH\Exceptions\FrameworkException.php on line 41.
 1 SYSTEMPATH\View\View.php(222): CodeIgniter\Exceptions\FrameworkException::forInvalidFile('exit_employee.php')
 2 SYSTEMPATH\Common.php(1171): CodeIgniter\View\View->render('exit_employee', [], true)
 3 APPPATH\Controllers\ExitEmployeeController.php(9): view('exit_employee')
 4 SYSTEMPATH\CodeIgniter.php(933): App\Controllers\ExitEmployeeController->index()
 5 SYSTEMPATH\CodeIgniter.php(509): CodeIgniter\CodeIgniter->runController(Object(App\Controllers\ExitEmployeeController))
 6 SYSTEMPATH\CodeIgniter.php(355): CodeIgniter\CodeIgniter->handleRequest(null, Object(Config\Cache), false)
 7 SYSTEMPATH\Boot.php(325): CodeIgniter\CodeIgniter->run()
 8 SYSTEMPATH\Boot.php(67): CodeIgniter\Boot::runCodeIgniter(Object(CodeIgniter\CodeIgniter))
 9 FCPATH\index.php(56): CodeIgniter\Boot::bootWeb(Object(Config\Paths))
10 SYSTEMPATH\rewrite.php(44): require_once('C:\\Xampp\\htdocs\\helpdesk\\public\\index.php')
CRITICAL - 2024-12-08 03:23:20 --> CodeIgniter\View\Exceptions\ViewException: Invalid file: "dashboard_view.php"
[Method: GET, Route: dashboard]
in SYSTEMPATH\Exceptions\FrameworkException.php on line 41.
 1 SYSTEMPATH\View\View.php(222): CodeIgniter\Exceptions\FrameworkException::forInvalidFile('dashboard_view.php')
 2 SYSTEMPATH\Common.php(1171): CodeIgniter\View\View->render('dashboard_view', [], true)
 3 APPPATH\Controllers\DashboardController.php(19): view('dashboard_view')
 4 SYSTEMPATH\CodeIgniter.php(933): App\Controllers\DashboardController->index()
 5 SYSTEMPATH\CodeIgniter.php(509): CodeIgniter\CodeIgniter->runController(Object(App\Controllers\DashboardController))
 6 SYSTEMPATH\CodeIgniter.php(355): CodeIgniter\CodeIgniter->handleRequest(null, Object(Config\Cache), false)
 7 SYSTEMPATH\Boot.php(325): CodeIgniter\CodeIgniter->run()
 8 SYSTEMPATH\Boot.php(67): CodeIgniter\Boot::runCodeIgniter(Object(CodeIgniter\CodeIgniter))
 9 FCPATH\index.php(56): CodeIgniter\Boot::bootWeb(Object(Config\Paths))
10 SYSTEMPATH\rewrite.php(44): require_once('C:\\Xampp\\htdocs\\helpdesk\\public\\index.php')
CRITICAL - 2024-12-08 03:23:35 --> CodeIgniter\View\Exceptions\ViewException: Invalid file: "dashboard_view.php"
[Method: GET, Route: dashboard]
in SYSTEMPATH\Exceptions\FrameworkException.php on line 41.
 1 SYSTEMPATH\View\View.php(222): CodeIgniter\Exceptions\FrameworkException::forInvalidFile('dashboard_view.php')
 2 SYSTEMPATH\Common.php(1171): CodeIgniter\View\View->render('dashboard_view', [], true)
 3 APPPATH\Controllers\DashboardController.php(19): view('dashboard_view')
 4 SYSTEMPATH\CodeIgniter.php(933): App\Controllers\DashboardController->index()
 5 SYSTEMPATH\CodeIgniter.php(509): CodeIgniter\CodeIgniter->runController(Object(App\Controllers\DashboardController))
 6 SYSTEMPATH\CodeIgniter.php(355): CodeIgniter\CodeIgniter->handleRequest(null, Object(Config\Cache), false)
 7 SYSTEMPATH\Boot.php(325): CodeIgniter\CodeIgniter->run()
 8 SYSTEMPATH\Boot.php(67): CodeIgniter\Boot::runCodeIgniter(Object(CodeIgniter\CodeIgniter))
 9 FCPATH\index.php(56): CodeIgniter\Boot::bootWeb(Object(Config\Paths))
10 SYSTEMPATH\rewrite.php(44): require_once('C:\\Xampp\\htdocs\\helpdesk\\public\\index.php')
CRITICAL - 2024-12-08 03:23:52 --> CodeIgniter\View\Exceptions\ViewException: Invalid file: "dashboard/view.php"
[Method: GET, Route: dashboard]
in SYSTEMPATH\Exceptions\FrameworkException.php on line 41.
 1 SYSTEMPATH\View\View.php(222): CodeIgniter\Exceptions\FrameworkException::forInvalidFile('dashboard/view.php')
 2 SYSTEMPATH\Common.php(1171): CodeIgniter\View\View->render('dashboard/view', [], true)
 3 APPPATH\Controllers\DashboardController.php(19): view('dashboard/view')
 4 SYSTEMPATH\CodeIgniter.php(933): App\Controllers\DashboardController->index()
 5 SYSTEMPATH\CodeIgniter.php(509): CodeIgniter\CodeIgniter->runController(Object(App\Controllers\DashboardController))
 6 SYSTEMPATH\CodeIgniter.php(355): CodeIgniter\CodeIgniter->handleRequest(null, Object(Config\Cache), false)
 7 SYSTEMPATH\Boot.php(325): CodeIgniter\CodeIgniter->run()
 8 SYSTEMPATH\Boot.php(67): CodeIgniter\Boot::runCodeIgniter(Object(CodeIgniter\CodeIgniter))
 9 FCPATH\index.php(56): CodeIgniter\Boot::bootWeb(Object(Config\Paths))
10 SYSTEMPATH\rewrite.php(44): require_once('C:\\Xampp\\htdocs\\helpdesk\\public\\index.php')
CRITICAL - 2024-12-08 03:23:53 --> CodeIgniter\View\Exceptions\ViewException: Invalid file: "dashboard/view.php"
[Method: GET, Route: dashboard]
in SYSTEMPATH\Exceptions\FrameworkException.php on line 41.
 1 SYSTEMPATH\View\View.php(222): CodeIgniter\Exceptions\FrameworkException::forInvalidFile('dashboard/view.php')
 2 SYSTEMPATH\Common.php(1171): CodeIgniter\View\View->render('dashboard/view', [], true)
 3 APPPATH\Controllers\DashboardController.php(19): view('dashboard/view')
 4 SYSTEMPATH\CodeIgniter.php(933): App\Controllers\DashboardController->index()
 5 SYSTEMPATH\CodeIgniter.php(509): CodeIgniter\CodeIgniter->runController(Object(App\Controllers\DashboardController))
 6 SYSTEMPATH\CodeIgniter.php(355): CodeIgniter\CodeIgniter->handleRequest(null, Object(Config\Cache), false)
 7 SYSTEMPATH\Boot.php(325): CodeIgniter\CodeIgniter->run()
 8 SYSTEMPATH\Boot.php(67): CodeIgniter\Boot::runCodeIgniter(Object(CodeIgniter\CodeIgniter))
 9 FCPATH\index.php(56): CodeIgniter\Boot::bootWeb(Object(Config\Paths))
10 SYSTEMPATH\rewrite.php(44): require_once('C:\\Xampp\\htdocs\\helpdesk\\public\\index.php')
CRITICAL - 2024-12-08 03:33:20 --> CodeIgniter\View\Exceptions\ViewException: Invalid file: "dashboard/index.php"
[Method: GET, Route: dashboard]
in SYSTEMPATH\Exceptions\FrameworkException.php on line 41.
 1 SYSTEMPATH\View\View.php(222): CodeIgniter\Exceptions\FrameworkException::forInvalidFile('dashboard/index.php')
 2 SYSTEMPATH\Common.php(1171): CodeIgniter\View\View->render('dashboard/index', [], true)
 3 APPPATH\Controllers\DashboardController.php(19): view('dashboard/index')
 4 SYSTEMPATH\CodeIgniter.php(933): App\Controllers\DashboardController->index()
 5 SYSTEMPATH\CodeIgniter.php(509): CodeIgniter\CodeIgniter->runController(Object(App\Controllers\DashboardController))
 6 SYSTEMPATH\CodeIgniter.php(355): CodeIgniter\CodeIgniter->handleRequest(null, Object(Config\Cache), false)
 7 SYSTEMPATH\Boot.php(325): CodeIgniter\CodeIgniter->run()
 8 SYSTEMPATH\Boot.php(67): CodeIgniter\Boot::runCodeIgniter(Object(CodeIgniter\CodeIgniter))
 9 FCPATH\index.php(56): CodeIgniter\Boot::bootWeb(Object(Config\Paths))
10 SYSTEMPATH\rewrite.php(44): require_once('C:\\Xampp\\htdocs\\helpdesk\\public\\index.php')
CRITICAL - 2024-12-08 03:33:32 --> CodeIgniter\View\Exceptions\ViewException: Invalid file: "dashboard/index.php"
[Method: GET, Route: dashboard]
in SYSTEMPATH\Exceptions\FrameworkException.php on line 41.
 1 SYSTEMPATH\View\View.php(222): CodeIgniter\Exceptions\FrameworkException::forInvalidFile('dashboard/index.php')
 2 SYSTEMPATH\Common.php(1171): CodeIgniter\View\View->render('dashboard/index', [], true)
 3 APPPATH\Controllers\DashboardController.php(19): view('dashboard/index')
 4 SYSTEMPATH\CodeIgniter.php(933): App\Controllers\DashboardController->index()
 5 SYSTEMPATH\CodeIgniter.php(509): CodeIgniter\CodeIgniter->runController(Object(App\Controllers\DashboardController))
 6 SYSTEMPATH\CodeIgniter.php(355): CodeIgniter\CodeIgniter->handleRequest(null, Object(Config\Cache), false)
 7 SYSTEMPATH\Boot.php(325): CodeIgniter\CodeIgniter->run()
 8 SYSTEMPATH\Boot.php(67): CodeIgniter\Boot::runCodeIgniter(Object(CodeIgniter\CodeIgniter))
 9 FCPATH\index.php(56): CodeIgniter\Boot::bootWeb(Object(Config\Paths))
10 SYSTEMPATH\rewrite.php(44): require_once('C:\\Xampp\\htdocs\\helpdesk\\public\\index.php')
CRITICAL - 2024-12-08 03:33:43 --> CodeIgniter\View\Exceptions\ViewException: Invalid file: "dashboard/index.php"
[Method: GET, Route: dashboard]
in SYSTEMPATH\Exceptions\FrameworkException.php on line 41.
 1 SYSTEMPATH\View\View.php(222): CodeIgniter\Exceptions\FrameworkException::forInvalidFile('dashboard/index.php')
 2 SYSTEMPATH\Common.php(1171): CodeIgniter\View\View->render('dashboard/index', [], true)
 3 APPPATH\Controllers\DashboardController.php(19): view('dashboard/index')
 4 SYSTEMPATH\CodeIgniter.php(933): App\Controllers\DashboardController->index()
 5 SYSTEMPATH\CodeIgniter.php(509): CodeIgniter\CodeIgniter->runController(Object(App\Controllers\DashboardController))
 6 SYSTEMPATH\CodeIgniter.php(355): CodeIgniter\CodeIgniter->handleRequest(null, Object(Config\Cache), false)
 7 SYSTEMPATH\Boot.php(325): CodeIgniter\CodeIgniter->run()
 8 SYSTEMPATH\Boot.php(67): CodeIgniter\Boot::runCodeIgniter(Object(CodeIgniter\CodeIgniter))
 9 FCPATH\index.php(56): CodeIgniter\Boot::bootWeb(Object(Config\Paths))
10 SYSTEMPATH\rewrite.php(44): require_once('C:\\Xampp\\htdocs\\helpdesk\\public\\index.php')
CRITICAL - 2024-12-08 05:01:43 --> CodeIgniter\View\Exceptions\ViewException: Invalid file: "dashboard.php"
[Method: GET, Route: dashboard]
in SYSTEMPATH\Exceptions\FrameworkException.php on line 41.
 1 SYSTEMPATH\View\View.php(222): CodeIgniter\Exceptions\FrameworkException::forInvalidFile('dashboard.php')
 2 SYSTEMPATH\Common.php(1171): CodeIgniter\View\View->render('dashboard', [], true)
 3 APPPATH\Controllers\DashboardController.php(19): view('dashboard')
 4 SYSTEMPATH\CodeIgniter.php(933): App\Controllers\DashboardController->index()
 5 SYSTEMPATH\CodeIgniter.php(509): CodeIgniter\CodeIgniter->runController(Object(App\Controllers\DashboardController))
 6 SYSTEMPATH\CodeIgniter.php(355): CodeIgniter\CodeIgniter->handleRequest(null, Object(Config\Cache), false)
 7 SYSTEMPATH\Boot.php(325): CodeIgniter\CodeIgniter->run()
 8 SYSTEMPATH\Boot.php(67): CodeIgniter\Boot::runCodeIgniter(Object(CodeIgniter\CodeIgniter))
 9 FCPATH\index.php(56): CodeIgniter\Boot::bootWeb(Object(Config\Paths))
10 SYSTEMPATH\rewrite.php(44): require_once('C:\\Xampp\\htdocs\\helpdesk\\public\\index.php')
CRITICAL - 2024-12-08 05:02:40 --> CodeIgniter\View\Exceptions\ViewException: Invalid file: "dashboard.php"
[Method: GET, Route: dashboard]
in SYSTEMPATH\Exceptions\FrameworkException.php on line 41.
 1 SYSTEMPATH\View\View.php(222): CodeIgniter\Exceptions\FrameworkException::forInvalidFile('dashboard.php')
 2 SYSTEMPATH\Common.php(1171): CodeIgniter\View\View->render('dashboard', [], true)
 3 APPPATH\Controllers\DashboardController.php(19): view('dashboard')
 4 SYSTEMPATH\CodeIgniter.php(933): App\Controllers\DashboardController->index()
 5 SYSTEMPATH\CodeIgniter.php(509): CodeIgniter\CodeIgniter->runController(Object(App\Controllers\DashboardController))
 6 SYSTEMPATH\CodeIgniter.php(355): CodeIgniter\CodeIgniter->handleRequest(null, Object(Config\Cache), false)
 7 SYSTEMPATH\Boot.php(325): CodeIgniter\CodeIgniter->run()
 8 SYSTEMPATH\Boot.php(67): CodeIgniter\Boot::runCodeIgniter(Object(CodeIgniter\CodeIgniter))
 9 FCPATH\index.php(56): CodeIgniter\Boot::bootWeb(Object(Config\Paths))
10 SYSTEMPATH\rewrite.php(44): require_once('C:\\Xampp\\htdocs\\helpdesk\\public\\index.php')
